-- Journal begins at Mon 2023-08-14 14:41:33 CST, ends at Wed 2023-11-01 11:35:44 CST. --
Nov 01 10:49:51 proxmox2-1 pmxcfs[1481]: [status] notice: received log
-- Boot 8f28ed13b02b4eb4b0b42c6f9398067c --
Nov 01 10:54:36 proxmox2-1 kernel: Linux version 5.15.102-1-pve (build@proxmox) (gcc (Debian 10.2.1-6) 10.2.1 20210110, GNU ld (GNU Binutils for Debian) 2.35.2) #1 SMP PVE 5.15.102-1 (2023-03-14T13:48Z) ()
Nov 01 10:54:36 proxmox2-1 kernel: Command line: BOOT_IMAGE=/boot/vmlinuz-5.15.102-1-pve root=/dev/mapper/pve-root ro quiet
Nov 01 10:54:36 proxmox2-1 kernel: KERNEL supported cpus:
Nov 01 10:54:36 proxmox2-1 kernel:   Intel GenuineIntel
Nov 01 10:54:36 proxmox2-1 kernel:   AMD AuthenticAMD
Nov 01 10:54:36 proxmox2-1 kernel:   Hygon HygonGenuine
Nov 01 10:54:36 proxmox2-1 kernel:   Centaur CentaurHauls
Nov 01 10:54:36 proxmox2-1 kernel:   zhaoxin   Shanghai  
Nov 01 10:54:36 proxmox2-1 kernel: x86/fpu: Supporting XSAVE feature 0x001: 'x87 floating point registers'
Nov 01 10:54:36 proxmox2-1 kernel: x86/fpu: Supporting XSAVE feature 0x002: 'SSE registers'
Nov 01 10:54:36 proxmox2-1 kernel: x86/fpu: Supporting XSAVE feature 0x004: 'AVX registers'
Nov 01 10:54:36 proxmox2-1 kernel: x86/fpu: xstate_offset[2]:  576, xstate_sizes[2]:  256
Nov 01 10:54:36 proxmox2-1 kernel: x86/fpu: Enabled xstate features 0x7, context size is 832 bytes, using 'standard' format.
Nov 01 10:54:36 proxmox2-1 kernel: signal: max sigframe size: 1776
Nov 01 10:54:36 proxmox2-1 kernel: BIOS-provided physical RAM map:
Nov 01 10:54:36 proxmox2-1 kernel: BIOS-e820: [mem 0x0000000000000000-0x000000000009c7ff] usable
Nov 01 10:54:36 proxmox2-1 kernel: BIOS-e820: [mem 0x000000000009c800-0x000000000009ffff] reserved
Nov 01 10:54:36 proxmox2-1 kernel: BIOS-e820: [mem 0x00000000000f0000-0x00000000000fffff] reserved
Nov 01 10:54:36 proxmox2-1 kernel: BIOS-e820: [mem 0x0000000000100000-0x00000000bddabfff] usable
Nov 01 10:54:36 proxmox2-1 kernel: BIOS-e820: [mem 0x00000000bddac000-0x00000000bddddfff] ACPI data
Nov 01 10:54:36 proxmox2-1 kernel: BIOS-e820: [mem 0x00000000bddde000-0x00000000cfffffff] reserved
Nov 01 10:54:36 proxmox2-1 kernel: BIOS-e820: [mem 0x00000000fec00000-0x00000000fee0ffff] reserved
Nov 01 10:54:36 proxmox2-1 kernel: BIOS-e820: [mem 0x00000000ff800000-0x00000000ffffffff] reserved
Nov 01 10:54:36 proxmox2-1 kernel: BIOS-e820: [mem 0x0000000100000000-0x000000303fffefff] usable
Nov 01 10:54:36 proxmox2-1 kernel: NX (Execute Disable) protection: active
Nov 01 10:54:36 proxmox2-1 kernel: SMBIOS 2.8 present.
Nov 01 10:54:36 proxmox2-1 kernel: DMI: HP ProLiant DL380p Gen8, BIOS P70 05/24/2019
Nov 01 10:54:36 proxmox2-1 kernel: tsc: Fast TSC calibration using PIT
Nov 01 10:54:36 proxmox2-1 kernel: tsc: Detected 1995.195 MHz processor
Nov 01 10:54:36 proxmox2-1 kernel: e820: update [mem 0x00000000-0x00000fff] usable ==> reserved
Nov 01 10:54:36 proxmox2-1 kernel: e820: remove [mem 0x000a0000-0x000fffff] usable
Nov 01 10:54:36 proxmox2-1 kernel: last_pfn = 0x303ffff max_arch_pfn = 0x400000000
Nov 01 10:54:36 proxmox2-1 kernel: x86/PAT: Configuration [0-7]: WB  WC  UC- UC  WB  WP  UC- WT  
Nov 01 10:54:36 proxmox2-1 kernel: last_pfn = 0xbddac max_arch_pfn = 0x400000000
Nov 01 10:54:36 proxmox2-1 kernel: found SMP MP-table at [mem 0x000f4f80-0x000f4f8f]
Nov 01 10:54:36 proxmox2-1 kernel: Using GB pages for direct mapping
Nov 01 10:54:36 proxmox2-1 kernel: RAMDISK: [mem 0x30a8d000-0x3453dfff]
Nov 01 10:54:36 proxmox2-1 kernel: ACPI: Early table checksum verification disabled
Nov 01 10:54:36 proxmox2-1 kernel: ACPI: RSDP 0x00000000000F4F00 000024 (v02 HP    )
Nov 01 10:54:36 proxmox2-1 kernel: [81B blob data]
Nov 01 10:54:36 proxmox2-1 kernel: [81B blob data]
Nov 01 10:54:36 proxmox2-1 kernel: ACPI BIOS Warning (bug): Invalid length for FADT/Pm1aControlBlock: 32, using default 16 (20210730/tbfadt-669)
Nov 01 10:54:36 proxmox2-1 kernel: ACPI BIOS Warning (bug): Invalid length for FADT/Pm2ControlBlock: 32, using default 8 (20210730/tbfadt-669)
Nov 01 10:54:36 proxmox2-1 kernel: ACPI: DSDT 0x00000000BDDAEF40 0026DC (v01 HP     DSDT     00000001 INTL 20030228)
Nov 01 10:54:36 proxmox2-1 kernel: ACPI: FACS 0x00000000BDDAC140 000040
Nov 01 10:54:36 proxmox2-1 kernel: ACPI: FACS 0x00000000BDDAC140 000040
Nov 01 10:54:36 proxmox2-1 kernel: [81B blob data]
Nov 01 10:54:36 proxmox2-1 kernel: ACPI: MCFG 0x00000000BDDAC200 00003C (v01 HP     ProLiant 00000001      00000000)
Nov 01 10:54:36 proxmox2-1 kernel: [81B blob data]
Nov 01 10:54:36 proxmox2-1 kernel: [81B blob data]
Nov 01 10:54:36 proxmox2-1 kernel: [81B blob data]
Nov 01 10:54:36 proxmox2-1 kernel: [81B blob data]
Nov 01 10:54:36 proxmox2-1 kernel: ACPI: APIC 0x00000000BDDAC580 00026A (v01 HP     ProLiant 00000002      00000000)
Nov 01 10:54:36 proxmox2-1 kernel: [81B blob data]
Nov 01 10:54:36 proxmox2-1 kernel: [81B blob data]
Nov 01 10:54:36 proxmox2-1 kernel: [81B blob data]
Nov 01 10:54:36 proxmox2-1 kernel: [81B blob data]
Nov 01 10:54:36 proxmox2-1 kernel: [81B blob data]
Nov 01 10:54:36 proxmox2-1 kernel: ACPI: FFFF 0x00000000BDDAEC40 000030 (v01 HP     ProLiant 00000001      00000000)
Nov 01 10:54:36 proxmox2-1 kernel: ACPI: PCCT 0x00000000BDDAEC80 00006E (v01 HP     Proliant 00000001 PH   0000504D)
Nov 01 10:54:36 proxmox2-1 kernel: ACPI: SSDT 0x00000000BDDB1640 0007EA (v01 HP     DEV_PCI1 00000001 INTL 20120503)
Nov 01 10:54:36 proxmox2-1 kernel: ACPI: SSDT 0x00000000BDDB1E40 000103 (v03 HP     CRSPCI0  00000002 HP   00000001)
Nov 01 10:54:36 proxmox2-1 kernel: ACPI: SSDT 0x00000000BDDB1F80 000098 (v03 HP     CRSPCI1  00000002 HP   00000001)
Nov 01 10:54:36 proxmox2-1 kernel: ACPI: SSDT 0x00000000BDDB2040 00038A (v02 HP     riser0   00000002 INTL 20030228)
Nov 01 10:54:36 proxmox2-1 kernel: ACPI: SSDT 0x00000000BDDB2400 000536 (v03 HP     riser1a  00000002 INTL 20030228)
Nov 01 10:54:36 proxmox2-1 kernel: ACPI: SSDT 0x00000000BDDB2940 000BB9 (v01 HP     pcc      00000001 INTL 20120503)
Nov 01 10:54:36 proxmox2-1 kernel: ACPI: SSDT 0x00000000BDDB3500 000377 (v01 HP     pmab     00000001 INTL 20120503)
Nov 01 10:54:36 proxmox2-1 kernel: ACPI: SSDT 0x00000000BDDB3880 005524 (v01 HP     pcc2     00000001 INTL 20120503)
Nov 01 10:54:36 proxmox2-1 kernel: ACPI: SSDT 0x00000000BDDB8DC0 00348C (v01 INTEL  PPM RCM  00000001 INTL 20061109)
Nov 01 10:54:36 proxmox2-1 kernel: ACPI: Reserving FACP table memory at [mem 0xbddaee40-0xbddaef33]
Nov 01 10:54:36 proxmox2-1 kernel: ACPI: Reserving DSDT table memory at [mem 0xbddaef40-0xbddb161b]
Nov 01 10:54:36 proxmox2-1 kernel: ACPI: Reserving FACS table memory at [mem 0xbddac140-0xbddac17f]
Nov 01 10:54:36 proxmox2-1 kernel: ACPI: Reserving FACS table memory at [mem 0xbddac140-0xbddac17f]
Nov 01 10:54:36 proxmox2-1 kernel: ACPI: Reserving SPCR table memory at [mem 0xbddac180-0xbddac1cf]
Nov 01 10:54:36 proxmox2-1 kernel: ACPI: Reserving MCFG table memory at [mem 0xbddac200-0xbddac23b]
Nov 01 10:54:36 proxmox2-1 kernel: ACPI: Reserving HPET table memory at [mem 0xbddac240-0xbddac277]
Nov 01 10:54:36 proxmox2-1 kernel: ACPI: Reserving FFFF table memory at [mem 0xbddac280-0xbddac2e3]
Nov 01 10:54:36 proxmox2-1 kernel: ACPI: Reserving SPMI table memory at [mem 0xbddac300-0xbddac33f]
Nov 01 10:54:36 proxmox2-1 kernel: ACPI: Reserving ERST table memory at [mem 0xbddac340-0xbddac56f]
Nov 01 10:54:36 proxmox2-1 kernel: ACPI: Reserving APIC table memory at [mem 0xbddac580-0xbddac7e9]
Nov 01 10:54:36 proxmox2-1 kernel: ACPI: Reserving SRAT table memory at [mem 0xbddac800-0xbddacf4f]
Nov 01 10:54:36 proxmox2-1 kernel: ACPI: Reserving FFFF table memory at [mem 0xbddacf80-0xbddad0f5]
Nov 01 10:54:36 proxmox2-1 kernel: ACPI: Reserving BERT table memory at [mem 0xbddad100-0xbddad12f]
Nov 01 10:54:36 proxmox2-1 kernel: ACPI: Reserving HEST table memory at [mem 0xbddad140-0xbddad1fb]
Nov 01 10:54:36 proxmox2-1 kernel: ACPI: Reserving DMAR table memory at [mem 0xbddad200-0xbddad7cf]
Nov 01 10:54:36 proxmox2-1 kernel: ACPI: Reserving FFFF table memory at [mem 0xbddaec40-0xbddaec6f]
Nov 01 10:54:36 proxmox2-1 kernel: ACPI: Reserving PCCT table memory at [mem 0xbddaec80-0xbddaeced]
Nov 01 10:54:36 proxmox2-1 kernel: ACPI: Reserving SSDT table memory at [mem 0xbddb1640-0xbddb1e29]
Nov 01 10:54:36 proxmox2-1 kernel: ACPI: Reserving SSDT table memory at [mem 0xbddb1e40-0xbddb1f42]
Nov 01 10:54:36 proxmox2-1 kernel: ACPI: Reserving SSDT table memory at [mem 0xbddb1f80-0xbddb2017]
Nov 01 10:54:36 proxmox2-1 kernel: ACPI: Reserving SSDT table memory at [mem 0xbddb2040-0xbddb23c9]
Nov 01 10:54:36 proxmox2-1 kernel: ACPI: Reserving SSDT table memory at [mem 0xbddb2400-0xbddb2935]
Nov 01 10:54:36 proxmox2-1 kernel: ACPI: Reserving SSDT table memory at [mem 0xbddb2940-0xbddb34f8]
Nov 01 10:54:36 proxmox2-1 kernel: ACPI: Reserving SSDT table memory at [mem 0xbddb3500-0xbddb3876]
Nov 01 10:54:36 proxmox2-1 kernel: ACPI: Reserving SSDT table memory at [mem 0xbddb3880-0xbddb8da3]
Nov 01 10:54:36 proxmox2-1 kernel: ACPI: Reserving SSDT table memory at [mem 0xbddb8dc0-0xbddbc24b]
Nov 01 10:54:36 proxmox2-1 kernel: SRAT: PXM 0 -> APIC 0x00 -> Node 0
Nov 01 10:54:36 proxmox2-1 kernel: SRAT: PXM 0 -> APIC 0x01 -> Node 0
Nov 01 10:54:36 proxmox2-1 kernel: SRAT: PXM 0 -> APIC 0x02 -> Node 0
Nov 01 10:54:36 proxmox2-1 kernel: SRAT: PXM 0 -> APIC 0x03 -> Node 0
Nov 01 10:54:36 proxmox2-1 kernel: SRAT: PXM 0 -> APIC 0x04 -> Node 0
Nov 01 10:54:36 proxmox2-1 kernel: SRAT: PXM 0 -> APIC 0x05 -> Node 0
Nov 01 10:54:36 proxmox2-1 kernel: SRAT: PXM 0 -> APIC 0x06 -> Node 0
Nov 01 10:54:36 proxmox2-1 kernel: SRAT: PXM 0 -> APIC 0x07 -> Node 0
Nov 01 10:54:36 proxmox2-1 kernel: SRAT: PXM 0 -> APIC 0x08 -> Node 0
Nov 01 10:54:36 proxmox2-1 kernel: SRAT: PXM 0 -> APIC 0x09 -> Node 0
Nov 01 10:54:36 proxmox2-1 kernel: SRAT: PXM 0 -> APIC 0x0a -> Node 0
Nov 01 10:54:36 proxmox2-1 kernel: SRAT: PXM 0 -> APIC 0x0b -> Node 0
Nov 01 10:54:36 proxmox2-1 kernel: SRAT: PXM 1 -> APIC 0x20 -> Node 1
Nov 01 10:54:36 proxmox2-1 kernel: SRAT: PXM 1 -> APIC 0x21 -> Node 1
Nov 01 10:54:36 proxmox2-1 kernel: SRAT: PXM 1 -> APIC 0x22 -> Node 1
Nov 01 10:54:36 proxmox2-1 kernel: SRAT: PXM 1 -> APIC 0x23 -> Node 1
Nov 01 10:54:36 proxmox2-1 kernel: SRAT: PXM 1 -> APIC 0x24 -> Node 1
Nov 01 10:54:36 proxmox2-1 kernel: SRAT: PXM 1 -> APIC 0x25 -> Node 1
Nov 01 10:54:36 proxmox2-1 kernel: SRAT: PXM 1 -> APIC 0x26 -> Node 1
Nov 01 10:54:36 proxmox2-1 kernel: SRAT: PXM 1 -> APIC 0x27 -> Node 1
Nov 01 10:54:36 proxmox2-1 kernel: SRAT: PXM 1 -> APIC 0x28 -> Node 1
Nov 01 10:54:36 proxmox2-1 kernel: SRAT: PXM 1 -> APIC 0x29 -> Node 1
Nov 01 10:54:36 proxmox2-1 kernel: SRAT: PXM 1 -> APIC 0x2a -> Node 1
Nov 01 10:54:36 proxmox2-1 kernel: SRAT: PXM 1 -> APIC 0x2b -> Node 1
Nov 01 10:54:36 proxmox2-1 kernel: ACPI: SRAT: Node 0 PXM 0 [mem 0x00000000-0x183fffffff]
Nov 01 10:54:36 proxmox2-1 kernel: ACPI: SRAT: Node 1 PXM 1 [mem 0x1840000000-0x303fffffff]
Nov 01 10:54:36 proxmox2-1 kernel: NODE_DATA(0) allocated [mem 0x183ffd6000-0x183fffffff]
Nov 01 10:54:36 proxmox2-1 kernel: NODE_DATA(1) allocated [mem 0x303ffd5000-0x303fffefff]
Nov 01 10:54:36 proxmox2-1 kernel: Zone ranges:
Nov 01 10:54:36 proxmox2-1 kernel:   DMA      [mem 0x0000000000001000-0x0000000000ffffff]
Nov 01 10:54:36 proxmox2-1 kernel:   DMA32    [mem 0x0000000001000000-0x00000000ffffffff]
Nov 01 10:54:36 proxmox2-1 kernel:   Normal   [mem 0x0000000100000000-0x000000303fffefff]
Nov 01 10:54:36 proxmox2-1 kernel:   Device   empty
Nov 01 10:54:36 proxmox2-1 kernel: Movable zone start for each node
Nov 01 10:54:36 proxmox2-1 kernel: Early memory node ranges
Nov 01 10:54:36 proxmox2-1 kernel:   node   0: [mem 0x0000000000001000-0x000000000009bfff]
Nov 01 10:54:36 proxmox2-1 kernel:   node   0: [mem 0x0000000000100000-0x00000000bddabfff]
Nov 01 10:54:36 proxmox2-1 kernel:   node   0: [mem 0x0000000100000000-0x000000183fffffff]
Nov 01 10:54:36 proxmox2-1 kernel:   node   1: [mem 0x0000001840000000-0x000000303fffefff]
Nov 01 10:54:36 proxmox2-1 kernel: Initmem setup node 0 [mem 0x0000000000001000-0x000000183fffffff]
Nov 01 10:54:36 proxmox2-1 kernel: Initmem setup node 1 [mem 0x0000001840000000-0x000000303fffefff]
Nov 01 10:54:36 proxmox2-1 kernel: On node 0, zone DMA: 1 pages in unavailable ranges
Nov 01 10:54:36 proxmox2-1 kernel: On node 0, zone DMA: 100 pages in unavailable ranges
Nov 01 10:54:36 proxmox2-1 kernel: On node 0, zone Normal: 8788 pages in unavailable ranges
Nov 01 10:54:36 proxmox2-1 kernel: On node 1, zone Normal: 1 pages in unavailable ranges
Nov 01 10:54:36 proxmox2-1 kernel: ACPI: PM-Timer IO Port: 0x908
Nov 01 10:54:36 proxmox2-1 kernel: ACPI: LAPIC_NMI (acpi_id[0xff] dfl dfl lint[0x1])
Nov 01 10:54:36 proxmox2-1 kernel: IOAPIC[0]: apic_id 8, version 32, address 0xfec00000, GSI 0-23
Nov 01 10:54:36 proxmox2-1 kernel: IOAPIC[1]: apic_id 0, version 32, address 0xfec10000, GSI 24-47
Nov 01 10:54:36 proxmox2-1 kernel: IOAPIC[2]: apic_id 10, version 32, address 0xfec40000, GSI 48-71
Nov 01 10:54:36 proxmox2-1 kernel: ACPI: INT_SRC_OVR (bus 0 bus_irq 0 global_irq 2 high edge)
Nov 01 10:54:36 proxmox2-1 kernel: ACPI: INT_SRC_OVR (bus 0 bus_irq 9 global_irq 9 high level)
Nov 01 10:54:36 proxmox2-1 kernel: ACPI: Using ACPI (MADT) for SMP configuration information
Nov 01 10:54:36 proxmox2-1 kernel: ACPI: HPET id: 0x8086a201 base: 0xfed00000
Nov 01 10:54:36 proxmox2-1 kernel: ACPI: SPCR: SPCR table version 1
Nov 01 10:54:36 proxmox2-1 kernel: ACPI: SPCR: Unexpected SPCR Access Width.  Defaulting to byte size
Nov 01 10:54:36 proxmox2-1 kernel: ACPI: SPCR: console: uart,mmio,0x0,9600
Nov 01 10:54:36 proxmox2-1 kernel: TSC deadline timer available
Nov 01 10:54:36 proxmox2-1 kernel: smpboot: Allowing 64 CPUs, 40 hotplug CPUs
Nov 01 10:54:36 proxmox2-1 kernel: PM: hibernation: Registered nosave memory: [mem 0x00000000-0x00000fff]
Nov 01 10:54:36 proxmox2-1 kernel: PM: hibernation: Registered nosave memory: [mem 0x0009c000-0x0009cfff]
Nov 01 10:54:36 proxmox2-1 kernel: PM: hibernation: Registered nosave memory: [mem 0x0009d000-0x0009ffff]
Nov 01 10:54:36 proxmox2-1 kernel: PM: hibernation: Registered nosave memory: [mem 0x000a0000-0x000effff]
Nov 01 10:54:36 proxmox2-1 kernel: PM: hibernation: Registered nosave memory: [mem 0x000f0000-0x000fffff]
Nov 01 10:54:36 proxmox2-1 kernel: PM: hibernation: Registered nosave memory: [mem 0xbddac000-0xbddddfff]
Nov 01 10:54:36 proxmox2-1 kernel: PM: hibernation: Registered nosave memory: [mem 0xbddde000-0xcfffffff]
Nov 01 10:54:36 proxmox2-1 kernel: PM: hibernation: Registered nosave memory: [mem 0xd0000000-0xfebfffff]
Nov 01 10:54:36 proxmox2-1 kernel: PM: hibernation: Registered nosave memory: [mem 0xfec00000-0xfee0ffff]
Nov 01 10:54:36 proxmox2-1 kernel: PM: hibernation: Registered nosave memory: [mem 0xfee10000-0xff7fffff]
Nov 01 10:54:36 proxmox2-1 kernel: PM: hibernation: Registered nosave memory: [mem 0xff800000-0xffffffff]
Nov 01 10:54:36 proxmox2-1 kernel: [mem 0xd0000000-0xfebfffff] available for PCI devices
Nov 01 10:54:36 proxmox2-1 kernel: Booting paravirtualized kernel on bare hardware
Nov 01 10:54:36 proxmox2-1 kernel: clocksource: refined-jiffies: mask: 0xffffffff max_cycles: 0xffffffff, max_idle_ns: 7645519600211568 ns
Nov 01 10:54:36 proxmox2-1 kernel: setup_percpu: NR_CPUS:8192 nr_cpumask_bits:64 nr_cpu_ids:64 nr_node_ids:2
Nov 01 10:54:36 proxmox2-1 kernel: percpu: Embedded 60 pages/cpu s208896 r8192 d28672 u262144
Nov 01 10:54:36 proxmox2-1 kernel: pcpu-alloc: s208896 r8192 d28672 u262144 alloc=1*2097152
Nov 01 10:54:36 proxmox2-1 kernel: pcpu-alloc: [0] 00 01 02 03 04 05 12 13 [0] 14 15 16 17 24 26 28 30 
Nov 01 10:54:36 proxmox2-1 kernel: pcpu-alloc: [0] 32 34 36 38 40 42 44 46 [0] 48 50 52 54 56 58 60 62 
Nov 01 10:54:36 proxmox2-1 kernel: pcpu-alloc: [1] 06 07 08 09 10 11 18 19 [1] 20 21 22 23 25 27 29 31 
Nov 01 10:54:36 proxmox2-1 kernel: pcpu-alloc: [1] 33 35 37 39 41 43 45 47 [1] 49 51 53 55 57 59 61 63 
Nov 01 10:54:36 proxmox2-1 kernel: Built 2 zonelists, mobility grouping on.  Total pages: 49536308
Nov 01 10:54:36 proxmox2-1 kernel: Policy zone: Normal
Nov 01 10:54:36 proxmox2-1 kernel: Kernel command line: BOOT_IMAGE=/boot/vmlinuz-5.15.102-1-pve root=/dev/mapper/pve-root ro quiet
Nov 01 10:54:36 proxmox2-1 kernel: Unknown kernel command line parameters "BOOT_IMAGE=/boot/vmlinuz-5.15.102-1-pve", will be passed to user space.
Nov 01 10:54:36 proxmox2-1 kernel: printk: log_buf_len individual max cpu contribution: 4096 bytes
Nov 01 10:54:36 proxmox2-1 kernel: printk: log_buf_len total cpu_extra contributions: 258048 bytes
Nov 01 10:54:36 proxmox2-1 kernel: printk: log_buf_len min size: 262144 bytes
Nov 01 10:54:36 proxmox2-1 kernel: printk: log_buf_len: 524288 bytes
Nov 01 10:54:36 proxmox2-1 kernel: printk: early log buf free: 249544(95%)
Nov 01 10:54:36 proxmox2-1 kernel: mem auto-init: stack:off, heap alloc:on, heap free:off
Nov 01 10:54:36 proxmox2-1 kernel: Memory: 197944468K/201291032K available (16393K kernel code, 4343K rwdata, 10240K rodata, 3204K init, 18916K bss, 3346304K reserved, 0K cma-reserved)
Nov 01 10:54:36 proxmox2-1 kernel: SLUB: HWalign=64, Order=0-3, MinObjects=0, CPUs=64, Nodes=2
Nov 01 10:54:36 proxmox2-1 kernel: Kernel/User page tables isolation: enabled
Nov 01 10:54:36 proxmox2-1 kernel: ftrace: allocating 48319 entries in 189 pages
Nov 01 10:54:36 proxmox2-1 kernel: ftrace: allocated 189 pages with 6 groups
Nov 01 10:54:36 proxmox2-1 kernel: rcu: Hierarchical RCU implementation.
Nov 01 10:54:36 proxmox2-1 kernel: rcu:         RCU restricting CPUs from NR_CPUS=8192 to nr_cpu_ids=64.
Nov 01 10:54:36 proxmox2-1 kernel:         Rude variant of Tasks RCU enabled.
Nov 01 10:54:36 proxmox2-1 kernel:         Tracing variant of Tasks RCU enabled.
Nov 01 10:54:36 proxmox2-1 kernel: rcu: RCU calculated value of scheduler-enlistment delay is 25 jiffies.
Nov 01 10:54:36 proxmox2-1 kernel: rcu: Adjusting geometry for rcu_fanout_leaf=16, nr_cpu_ids=64
Nov 01 10:54:36 proxmox2-1 kernel: NR_IRQS: 524544, nr_irqs: 1752, preallocated irqs: 16
Nov 01 10:54:36 proxmox2-1 kernel: Console: colour VGA+ 80x25
Nov 01 10:54:36 proxmox2-1 kernel: printk: console [tty0] enabled
Nov 01 10:54:36 proxmox2-1 kernel: mempolicy: Enabling automatic NUMA balancing. Configure with numa_balancing= or the kernel.numa_balancing sysctl
Nov 01 10:54:36 proxmox2-1 kernel: ACPI: Core revision 20210730
Nov 01 10:54:36 proxmox2-1 kernel: clocksource: hpet: mask: 0xffffffff max_cycles: 0xffffffff, max_idle_ns: 133484882848 ns
Nov 01 10:54:36 proxmox2-1 kernel: APIC: Switch to symmetric I/O mode setup
Nov 01 10:54:36 proxmox2-1 kernel: DMAR: Host address width 46
Nov 01 10:54:36 proxmox2-1 kernel: DMAR: DRHD base: 0x000000fbefe000 flags: 0x0
Nov 01 10:54:36 proxmox2-1 kernel: DMAR: dmar0: reg_base_addr fbefe000 ver 1:0 cap d2078c106f0462 ecap f020fe
Nov 01 10:54:36 proxmox2-1 kernel: DMAR: DRHD base: 0x000000f4ffe000 flags: 0x1
Nov 01 10:54:36 proxmox2-1 kernel: DMAR: dmar1: reg_base_addr f4ffe000 ver 1:0 cap d2078c106f0462 ecap f020fe
Nov 01 10:54:36 proxmox2-1 kernel: DMAR: RMRR base: 0x000000bdffd000 end: 0x000000bdffffff
Nov 01 10:54:36 proxmox2-1 kernel: DMAR: RMRR base: 0x000000bdff6000 end: 0x000000bdffcfff
Nov 01 10:54:36 proxmox2-1 kernel: DMAR: RMRR base: 0x000000bdf83000 end: 0x000000bdf84fff
Nov 01 10:54:36 proxmox2-1 kernel: DMAR: RMRR base: 0x000000bdf7f000 end: 0x000000bdf82fff
Nov 01 10:54:36 proxmox2-1 kernel: DMAR: RMRR base: 0x000000bdf6f000 end: 0x000000bdf7efff
Nov 01 10:54:36 proxmox2-1 kernel: DMAR: RMRR base: 0x000000bdf6e000 end: 0x000000bdf6efff
Nov 01 10:54:36 proxmox2-1 kernel: DMAR: RMRR base: 0x000000000f4000 end: 0x000000000f4fff
Nov 01 10:54:36 proxmox2-1 kernel: DMAR: RMRR base: 0x000000000e8000 end: 0x000000000e8fff
Nov 01 10:54:36 proxmox2-1 kernel: DMAR: [Firmware Bug]: No firmware reserved region can cover this RMRR [0x00000000000e8000-0x00000000000e8fff], contact BIOS vendor for fixes
Nov 01 10:54:36 proxmox2-1 kernel: DMAR: [Firmware Bug]: Your BIOS is broken; bad RMRR [0x00000000000e8000-0x00000000000e8fff]
                                   BIOS vendor: HP; Ver: P70; Product Version: 
Nov 01 10:54:36 proxmox2-1 kernel: DMAR: RMRR base: 0x000000bddde000 end: 0x000000bdddefff
Nov 01 10:54:36 proxmox2-1 kernel: DMAR: ATSR flags: 0x0
Nov 01 10:54:36 proxmox2-1 kernel: DMAR-IR: IOAPIC id 10 under DRHD base  0xfbefe000 IOMMU 0
Nov 01 10:54:36 proxmox2-1 kernel: DMAR-IR: IOAPIC id 8 under DRHD base  0xf4ffe000 IOMMU 1
Nov 01 10:54:36 proxmox2-1 kernel: DMAR-IR: IOAPIC id 0 under DRHD base  0xf4ffe000 IOMMU 1
Nov 01 10:54:36 proxmox2-1 kernel: DMAR-IR: HPET id 0 under DRHD base 0xf4ffe000
Nov 01 10:54:36 proxmox2-1 kernel: DMAR-IR: x2apic is disabled because BIOS sets x2apic opt out bit.
Nov 01 10:54:36 proxmox2-1 kernel: DMAR-IR: Use 'intremap=no_x2apic_optout' to override the BIOS setting.
Nov 01 10:54:36 proxmox2-1 kernel: DMAR-IR: Enabled IRQ remapping in xapic mode
Nov 01 10:54:36 proxmox2-1 kernel: x2apic: IRQ remapping doesn't support X2APIC mode
Nov 01 10:54:36 proxmox2-1 kernel: Switched APIC routing to physical flat.
Nov 01 10:54:36 proxmox2-1 kernel: ..TIMER: vector=0x30 apic1=0 pin1=2 apic2=-1 pin2=-1
Nov 01 10:54:36 proxmox2-1 kernel: clocksource: tsc-early: mask: 0xffffffffffffffff max_cycles: 0x3984e68f1f6, max_idle_ns: 881590637728 ns
Nov 01 10:54:36 proxmox2-1 kernel: Calibrating delay loop (skipped), value calculated using timer frequency.. 3990.39 BogoMIPS (lpj=7980780)
Nov 01 10:54:36 proxmox2-1 kernel: pid_max: default: 65536 minimum: 512
Nov 01 10:54:36 proxmox2-1 kernel: LSM: Security Framework initializing
Nov 01 10:54:36 proxmox2-1 kernel: Yama: becoming mindful.
Nov 01 10:54:36 proxmox2-1 kernel: AppArmor: AppArmor initialized
Nov 01 10:54:36 proxmox2-1 kernel: Dentry cache hash table entries: 16777216 (order: 15, 134217728 bytes, vmalloc)
Nov 01 10:54:36 proxmox2-1 kernel: Inode-cache hash table entries: 8388608 (order: 14, 67108864 bytes, vmalloc)
Nov 01 10:54:36 proxmox2-1 kernel: Mount-cache hash table entries: 262144 (order: 9, 2097152 bytes, vmalloc)
Nov 01 10:54:36 proxmox2-1 kernel: Mountpoint-cache hash table entries: 262144 (order: 9, 2097152 bytes, vmalloc)
Nov 01 10:54:36 proxmox2-1 kernel: CPU0: Thermal monitoring enabled (TM1)
Nov 01 10:54:36 proxmox2-1 kernel: process: using mwait in idle threads
Nov 01 10:54:36 proxmox2-1 kernel: Last level iTLB entries: 4KB 512, 2MB 8, 4MB 8
Nov 01 10:54:36 proxmox2-1 kernel: Last level dTLB entries: 4KB 512, 2MB 32, 4MB 32, 1GB 0
Nov 01 10:54:36 proxmox2-1 kernel: Spectre V1 : Mitigation: usercopy/swapgs barriers and __user pointer sanitization
Nov 01 10:54:36 proxmox2-1 kernel: Spectre V2 : Mitigation: Retpolines
Nov 01 10:54:36 proxmox2-1 kernel: Spectre V2 : Spectre v2 / SpectreRSB mitigation: Filling RSB on context switch
Nov 01 10:54:36 proxmox2-1 kernel: Spectre V2 : Spectre v2 / SpectreRSB : Filling RSB on VMEXIT
Nov 01 10:54:36 proxmox2-1 kernel: Spectre V2 : Enabling Restricted Speculation for firmware calls
Nov 01 10:54:36 proxmox2-1 kernel: Spectre V2 : mitigation: Enabling conditional Indirect Branch Prediction Barrier
Nov 01 10:54:36 proxmox2-1 kernel: Spectre V2 : User space: Mitigation: STIBP via seccomp and prctl
Nov 01 10:54:36 proxmox2-1 kernel: Speculative Store Bypass: Mitigation: Speculative Store Bypass disabled via prctl and seccomp
Nov 01 10:54:36 proxmox2-1 kernel: MDS: Mitigation: Clear CPU buffers
Nov 01 10:54:36 proxmox2-1 kernel: MMIO Stale Data: Unknown: No mitigations
Nov 01 10:54:36 proxmox2-1 kernel: Freeing SMP alternatives memory: 44K
Nov 01 10:54:36 proxmox2-1 kernel: smpboot: Estimated ratio of average max frequency by base frequency (times 1024): 1228
Nov 01 10:54:36 proxmox2-1 kernel: smpboot: CPU0: Intel(R) Xeon(R) CPU E5-2620 0 @ 2.00GHz (family: 0x6, model: 0x2d, stepping: 0x7)
Nov 01 10:54:36 proxmox2-1 kernel: Performance Events: PEBS fmt1+, SandyBridge events, 16-deep LBR, full-width counters, Broken BIOS detected, complain to your hardware vendor.
Nov 01 10:54:36 proxmox2-1 kernel: [Firmware Bug]: the BIOS has corrupted hw-PMU resources (MSR 38d is 330)
Nov 01 10:54:36 proxmox2-1 kernel: Intel PMU driver.
Nov 01 10:54:36 proxmox2-1 kernel: ... version:                3
Nov 01 10:54:36 proxmox2-1 kernel: ... bit width:              48
Nov 01 10:54:36 proxmox2-1 kernel: ... generic registers:      4
Nov 01 10:54:36 proxmox2-1 kernel: ... value mask:             0000ffffffffffff
Nov 01 10:54:36 proxmox2-1 kernel: ... max period:             00007fffffffffff
Nov 01 10:54:36 proxmox2-1 kernel: ... fixed-purpose events:   3
Nov 01 10:54:36 proxmox2-1 kernel: ... event mask:             000000070000000f
Nov 01 10:54:36 proxmox2-1 kernel: rcu: Hierarchical SRCU implementation.
Nov 01 10:54:36 proxmox2-1 kernel: NMI watchdog: Enabled. Permanently consumes one hw-PMU counter.
Nov 01 10:54:36 proxmox2-1 kernel: smp: Bringing up secondary CPUs ...
Nov 01 10:54:36 proxmox2-1 kernel: x86: Booting SMP configuration:
Nov 01 10:54:36 proxmox2-1 kernel: .... node  #0, CPUs:        #1  #2  #3  #4  #5
Nov 01 10:54:36 proxmox2-1 kernel: .... node  #1, CPUs:    #6
Nov 01 10:54:36 proxmox2-1 kernel: smpboot: CPU 6 Converting physical 0 to logical die 1
Nov 01 10:54:36 proxmox2-1 kernel:   #7  #8  #9 #10 #11
Nov 01 10:54:36 proxmox2-1 kernel: .... node  #0, CPUs:   #12
Nov 01 10:54:36 proxmox2-1 kernel: MDS CPU bug present and SMT on, data leak possible. See https://www.kernel.org/doc/html/latest/admin-guide/hw-vuln/mds.html for more details.
Nov 01 10:54:36 proxmox2-1 kernel:  #13 #14 #15 #16 #17
Nov 01 10:54:36 proxmox2-1 kernel: .... node  #1, CPUs:   #18 #19 #20 #21 #22 #23
Nov 01 10:54:36 proxmox2-1 kernel: smp: Brought up 2 nodes, 24 CPUs
Nov 01 10:54:36 proxmox2-1 kernel: smpboot: Max logical packages: 6
Nov 01 10:54:36 proxmox2-1 kernel: smpboot: Total of 24 processors activated (96270.86 BogoMIPS)
Nov 01 10:54:36 proxmox2-1 kernel: devtmpfs: initialized
Nov 01 10:54:36 proxmox2-1 kernel: x86/mm: Memory block size: 2048MB
Nov 01 10:54:36 proxmox2-1 kernel: clocksource: jiffies: mask: 0xffffffff max_cycles: 0xffffffff, max_idle_ns: 7645041785100000 ns
Nov 01 10:54:36 proxmox2-1 kernel: futex hash table entries: 16384 (order: 8, 1048576 bytes, vmalloc)
Nov 01 10:54:36 proxmox2-1 kernel: pinctrl core: initialized pinctrl subsystem
Nov 01 10:54:36 proxmox2-1 kernel: PM: RTC time: 02:54:09, date: 2023-11-01
Nov 01 10:54:36 proxmox2-1 kernel: NET: Registered PF_NETLINK/PF_ROUTE protocol family
Nov 01 10:54:36 proxmox2-1 kernel: DMA: preallocated 4096 KiB GFP_KERNEL pool for atomic allocations
Nov 01 10:54:36 proxmox2-1 kernel: DMA: preallocated 4096 KiB GFP_KERNEL|GFP_DMA pool for atomic allocations
Nov 01 10:54:36 proxmox2-1 kernel: DMA: preallocated 4096 KiB GFP_KERNEL|GFP_DMA32 pool for atomic allocations
Nov 01 10:54:36 proxmox2-1 kernel: audit: initializing netlink subsys (disabled)
Nov 01 10:54:36 proxmox2-1 kernel: audit: type=2000 audit(1698807248.700:1): state=initialized audit_enabled=0 res=1
Nov 01 10:54:36 proxmox2-1 kernel: thermal_sys: Registered thermal governor 'fair_share'
Nov 01 10:54:36 proxmox2-1 kernel: thermal_sys: Registered thermal governor 'bang_bang'
Nov 01 10:54:36 proxmox2-1 kernel: thermal_sys: Registered thermal governor 'step_wise'
Nov 01 10:54:36 proxmox2-1 kernel: thermal_sys: Registered thermal governor 'user_space'
Nov 01 10:54:36 proxmox2-1 kernel: thermal_sys: Registered thermal governor 'power_allocator'
Nov 01 10:54:36 proxmox2-1 kernel: EISA bus registered
Nov 01 10:54:36 proxmox2-1 kernel: cpuidle: using governor ladder
Nov 01 10:54:36 proxmox2-1 kernel: cpuidle: using governor menu
Nov 01 10:54:36 proxmox2-1 kernel: Detected 1 PCC Subspaces
Nov 01 10:54:36 proxmox2-1 kernel: Registering PCC driver as Mailbox controller
Nov 01 10:54:36 proxmox2-1 kernel: ACPI FADT declares the system doesn't support PCIe ASPM, so disable it
Nov 01 10:54:36 proxmox2-1 kernel: ACPI: bus type PCI registered
Nov 01 10:54:36 proxmox2-1 kernel: acpiphp: ACPI Hot Plug PCI Controller Driver version: 0.5
Nov 01 10:54:36 proxmox2-1 kernel: PCI: MMCONFIG for domain 0000 [bus 00-ff] at [mem 0xc0000000-0xcfffffff] (base 0xc0000000)
Nov 01 10:54:36 proxmox2-1 kernel: PCI: MMCONFIG at [mem 0xc0000000-0xcfffffff] reserved in E820
Nov 01 10:54:36 proxmox2-1 kernel: PCI: Using configuration type 1 for base access
Nov 01 10:54:36 proxmox2-1 kernel: PCI: HP ProLiant DL380 detected, enabling pci=bfsort.
Nov 01 10:54:36 proxmox2-1 kernel: core: PMU erratum BJ122, BV98, HSD29 worked around, HT is on
Nov 01 10:54:36 proxmox2-1 kernel: ENERGY_PERF_BIAS: Set to 'normal', was 'performance'
Nov 01 10:54:36 proxmox2-1 kernel: kprobes: kprobe jump-optimization is enabled. All kprobes are optimized if possible.
Nov 01 10:54:36 proxmox2-1 kernel: HugeTLB registered 1.00 GiB page size, pre-allocated 0 pages
Nov 01 10:54:36 proxmox2-1 kernel: HugeTLB registered 2.00 MiB page size, pre-allocated 0 pages
Nov 01 10:54:36 proxmox2-1 kernel: ACPI: Added _OSI(Module Device)
Nov 01 10:54:36 proxmox2-1 kernel: ACPI: Added _OSI(Processor Device)
Nov 01 10:54:36 proxmox2-1 kernel: ACPI: Added _OSI(3.0 _SCP Extensions)
Nov 01 10:54:36 proxmox2-1 kernel: ACPI: Added _OSI(Processor Aggregator Device)
Nov 01 10:54:36 proxmox2-1 kernel: ACPI: Added _OSI(Linux-Dell-Video)
Nov 01 10:54:36 proxmox2-1 kernel: ACPI: Added _OSI(Linux-Lenovo-NV-HDMI-Audio)
Nov 01 10:54:36 proxmox2-1 kernel: ACPI: Added _OSI(Linux-HPI-Hybrid-Graphics)
Nov 01 10:54:36 proxmox2-1 kernel: ACPI: 10 ACPI AML tables successfully acquired and loaded
Nov 01 10:54:36 proxmox2-1 kernel: ACPI: Interpreter enabled
Nov 01 10:54:36 proxmox2-1 kernel: ACPI: PM: (supports S0 S4 S5)
Nov 01 10:54:36 proxmox2-1 kernel: ACPI: Using IOAPIC for interrupt routing
Nov 01 10:54:36 proxmox2-1 kernel: HEST: Table parsing has been initialized.
Nov 01 10:54:36 proxmox2-1 kernel: GHES: APEI firmware first mode is enabled by APEI bit and WHEA _OSC.
Nov 01 10:54:36 proxmox2-1 kernel: PCI: Using host bridge windows from ACPI; if necessary, use "pci=nocrs" and report a bug
Nov 01 10:54:36 proxmox2-1 kernel: PCI: Using E820 reservations for host bridge windows
Nov 01 10:54:36 proxmox2-1 kernel: ACPI: PCI Root Bridge [PCI0] (domain 0000 [bus 00-1f])
Nov 01 10:54:36 proxmox2-1 kernel: acpi PNP0A08:00: _OSC: OS supports [ExtendedConfig ASPM ClockPM Segments MSI EDR HPX-Type3]
Nov 01 10:54:36 proxmox2-1 kernel: acpi PNP0A08:00: _OSC: platform does not support [PCIeHotplug SHPCHotplug PME AER PCIeCapability LTR DPC]
Nov 01 10:54:36 proxmox2-1 kernel: acpi PNP0A08:00: _OSC: not requesting control; platform does not support [PCIeCapability]
Nov 01 10:54:36 proxmox2-1 kernel: acpi PNP0A08:00: _OSC: OS requested [PCIeHotplug SHPCHotplug PME AER PCIeCapability LTR DPC]
Nov 01 10:54:36 proxmox2-1 kernel: acpi PNP0A08:00: _OSC: platform willing to grant []
Nov 01 10:54:36 proxmox2-1 kernel: acpi PNP0A08:00: _OSC: platform retains control of PCIe features (AE_SUPPORT)
Nov 01 10:54:36 proxmox2-1 kernel: PCI host bridge to bus 0000:00
Nov 01 10:54:36 proxmox2-1 kernel: pci_bus 0000:00: root bus resource [mem 0xf4000000-0xf7ffffff window]
Nov 01 10:54:36 proxmox2-1 kernel: pci_bus 0000:00: root bus resource [io  0x1000-0x7fff window]
Nov 01 10:54:36 proxmox2-1 kernel: pci_bus 0000:00: root bus resource [io  0x0000-0x03af window]
Nov 01 10:54:36 proxmox2-1 kernel: pci_bus 0000:00: root bus resource [io  0x03e0-0x0cf7 window]
Nov 01 10:54:36 proxmox2-1 kernel: pci_bus 0000:00: root bus resource [io  0x0d00-0x0fff window]
Nov 01 10:54:36 proxmox2-1 kernel: pci_bus 0000:00: root bus resource [io  0x03b0-0x03bb window]
Nov 01 10:54:36 proxmox2-1 kernel: pci_bus 0000:00: root bus resource [io  0x03c0-0x03df window]
Nov 01 10:54:36 proxmox2-1 kernel: pci_bus 0000:00: root bus resource [mem 0x000a0000-0x000bffff window]
Nov 01 10:54:36 proxmox2-1 kernel: pci_bus 0000:00: root bus resource [bus 00-1f]
Nov 01 10:54:36 proxmox2-1 kernel: pci 0000:00:00.0: [8086:3c00] type 00 class 0x060000
Nov 01 10:54:36 proxmox2-1 kernel: pci 0000:00:00.0: PME# supported from D0 D3hot D3cold
Nov 01 10:54:36 proxmox2-1 kernel: pci 0000:00:01.0: [8086:3c02] type 01 class 0x060400
Nov 01 10:54:36 proxmox2-1 kernel: pci 0000:00:01.0: PME# supported from D0 D3hot D3cold
Nov 01 10:54:36 proxmox2-1 kernel: pci 0000:00:01.1: [8086:3c03] type 01 class 0x060400
Nov 01 10:54:36 proxmox2-1 kernel: pci 0000:00:01.1: PME# supported from D0 D3hot D3cold
Nov 01 10:54:36 proxmox2-1 kernel: pci 0000:00:02.0: [8086:3c04] type 01 class 0x060400
Nov 01 10:54:36 proxmox2-1 kernel: pci 0000:00:02.0: PME# supported from D0 D3hot D3cold
Nov 01 10:54:36 proxmox2-1 kernel: pci 0000:00:02.1: [8086:3c05] type 01 class 0x060400
Nov 01 10:54:36 proxmox2-1 kernel: pci 0000:00:02.1: PME# supported from D0 D3hot D3cold
Nov 01 10:54:36 proxmox2-1 kernel: pci 0000:00:02.2: [8086:3c06] type 01 class 0x060400
Nov 01 10:54:36 proxmox2-1 kernel: pci 0000:00:02.2: PME# supported from D0 D3hot D3cold
Nov 01 10:54:36 proxmox2-1 kernel: pci 0000:00:02.3: [8086:3c07] type 01 class 0x060400
Nov 01 10:54:36 proxmox2-1 kernel: pci 0000:00:02.3: PME# supported from D0 D3hot D3cold
Nov 01 10:54:36 proxmox2-1 kernel: pci 0000:00:03.0: [8086:3c08] type 01 class 0x060400
Nov 01 10:54:36 proxmox2-1 kernel: pci 0000:00:03.0: enabling Extended Tags
Nov 01 10:54:36 proxmox2-1 kernel: pci 0000:00:03.0: PME# supported from D0 D3hot D3cold
Nov 01 10:54:36 proxmox2-1 kernel: pci 0000:00:03.1: [8086:3c09] type 01 class 0x060400
Nov 01 10:54:36 proxmox2-1 kernel: pci 0000:00:03.1: PME# supported from D0 D3hot D3cold
Nov 01 10:54:36 proxmox2-1 kernel: pci 0000:00:03.2: [8086:3c0a] type 01 class 0x060400
Nov 01 10:54:36 proxmox2-1 kernel: pci 0000:00:03.2: PME# supported from D0 D3hot D3cold
Nov 01 10:54:36 proxmox2-1 kernel: pci 0000:00:03.3: [8086:3c0b] type 01 class 0x060400
Nov 01 10:54:36 proxmox2-1 kernel: pci 0000:00:03.3: PME# supported from D0 D3hot D3cold
Nov 01 10:54:36 proxmox2-1 kernel: pci 0000:00:04.0: [8086:3c20] type 00 class 0x088000
Nov 01 10:54:36 proxmox2-1 kernel: pci 0000:00:04.0: reg 0x10: [mem 0xf6cf0000-0xf6cf3fff 64bit]
Nov 01 10:54:36 proxmox2-1 kernel: pci 0000:00:04.1: [8086:3c21] type 00 class 0x088000
Nov 01 10:54:36 proxmox2-1 kernel: pci 0000:00:04.1: reg 0x10: [mem 0xf6ce0000-0xf6ce3fff 64bit]
Nov 01 10:54:36 proxmox2-1 kernel: pci 0000:00:04.2: [8086:3c22] type 00 class 0x088000
Nov 01 10:54:36 proxmox2-1 kernel: pci 0000:00:04.2: reg 0x10: [mem 0xf6cd0000-0xf6cd3fff 64bit]
Nov 01 10:54:36 proxmox2-1 kernel: pci 0000:00:04.3: [8086:3c23] type 00 class 0x088000
Nov 01 10:54:36 proxmox2-1 kernel: pci 0000:00:04.3: reg 0x10: [mem 0xf6cc0000-0xf6cc3fff 64bit]
Nov 01 10:54:36 proxmox2-1 kernel: pci 0000:00:04.4: [8086:3c24] type 00 class 0x088000
Nov 01 10:54:36 proxmox2-1 kernel: pci 0000:00:04.4: reg 0x10: [mem 0xf6cb0000-0xf6cb3fff 64bit]
Nov 01 10:54:36 proxmox2-1 kernel: pci 0000:00:04.5: [8086:3c25] type 00 class 0x088000
Nov 01 10:54:36 proxmox2-1 kernel: pci 0000:00:04.5: reg 0x10: [mem 0xf6ca0000-0xf6ca3fff 64bit]
Nov 01 10:54:36 proxmox2-1 kernel: pci 0000:00:04.6: [8086:3c26] type 00 class 0x088000
Nov 01 10:54:36 proxmox2-1 kernel: pci 0000:00:04.6: reg 0x10: [mem 0xf6c90000-0xf6c93fff 64bit]
Nov 01 10:54:36 proxmox2-1 kernel: pci 0000:00:04.7: [8086:3c27] type 00 class 0x088000
Nov 01 10:54:36 proxmox2-1 kernel: pci 0000:00:04.7: reg 0x10: [mem 0xf6c80000-0xf6c83fff 64bit]
Nov 01 10:54:36 proxmox2-1 kernel: pci 0000:00:05.0: [8086:3c28] type 00 class 0x088000
Nov 01 10:54:36 proxmox2-1 kernel: pci 0000:00:05.2: [8086:3c2a] type 00 class 0x088000
Nov 01 10:54:36 proxmox2-1 kernel: pci 0000:00:05.4: [8086:3c2c] type 00 class 0x080020
Nov 01 10:54:36 proxmox2-1 kernel: pci 0000:00:05.4: reg 0x10: [mem 0xf6c70000-0xf6c70fff]
Nov 01 10:54:36 proxmox2-1 kernel: pci 0000:00:11.0: [8086:1d3e] type 01 class 0x060400
Nov 01 10:54:36 proxmox2-1 kernel: pci 0000:00:11.0: PME# supported from D0 D3hot D3cold
Nov 01 10:54:36 proxmox2-1 kernel: pci 0000:00:1a.0: [8086:1d2d] type 00 class 0x0c0320
Nov 01 10:54:36 proxmox2-1 kernel: pci 0000:00:1a.0: reg 0x10: [mem 0xf6c60000-0xf6c603ff]
Nov 01 10:54:36 proxmox2-1 kernel: pci 0000:00:1a.0: PME# supported from D0 D3hot D3cold
Nov 01 10:54:36 proxmox2-1 kernel: pci 0000:00:1c.0: [8086:1d10] type 01 class 0x060400
Nov 01 10:54:36 proxmox2-1 kernel: pci 0000:00:1c.0: PME# supported from D0 D3hot D3cold
Nov 01 10:54:36 proxmox2-1 kernel: pci 0000:00:1c.7: [8086:1d1e] type 01 class 0x060400
Nov 01 10:54:36 proxmox2-1 kernel: pci 0000:00:1c.7: PME# supported from D0 D3hot D3cold
Nov 01 10:54:36 proxmox2-1 kernel: pci 0000:00:1d.0: [8086:1d26] type 00 class 0x0c0320
Nov 01 10:54:36 proxmox2-1 kernel: pci 0000:00:1d.0: reg 0x10: [mem 0xf6c50000-0xf6c503ff]
Nov 01 10:54:36 proxmox2-1 kernel: pci 0000:00:1d.0: PME# supported from D0 D3hot D3cold
Nov 01 10:54:36 proxmox2-1 kernel: pci 0000:00:1e.0: [8086:244e] type 01 class 0x060401
Nov 01 10:54:36 proxmox2-1 kernel: pci 0000:00:1f.0: [8086:1d41] type 00 class 0x060100
Nov 01 10:54:36 proxmox2-1 kernel: pci 0000:00:1f.2: [8086:1d00] type 00 class 0x01018f
Nov 01 10:54:36 proxmox2-1 kernel: pci 0000:00:1f.2: reg 0x10: [io  0x4000-0x4007]
Nov 01 10:54:36 proxmox2-1 kernel: pci 0000:00:1f.2: reg 0x14: [io  0x4008-0x400b]
Nov 01 10:54:36 proxmox2-1 kernel: pci 0000:00:1f.2: reg 0x18: [io  0x4010-0x4017]
Nov 01 10:54:36 proxmox2-1 kernel: pci 0000:00:1f.2: reg 0x1c: [io  0x4018-0x401b]
Nov 01 10:54:36 proxmox2-1 kernel: pci 0000:00:1f.2: reg 0x20: [io  0x4020-0x402f]
Nov 01 10:54:36 proxmox2-1 kernel: pci 0000:00:1f.2: reg 0x24: [io  0x4030-0x403f]
Nov 01 10:54:36 proxmox2-1 kernel: pci 0000:00:01.0: PCI bridge to [bus 07]
Nov 01 10:54:36 proxmox2-1 kernel: pci 0000:00:01.1: PCI bridge to [bus 13]
Nov 01 10:54:36 proxmox2-1 kernel: pci 0000:03:00.0: [14e4:1657] type 00 class 0x020000
Nov 01 10:54:36 proxmox2-1 kernel: pci 0000:03:00.0: reg 0x10: [mem 0xf6bf0000-0xf6bfffff 64bit pref]
Nov 01 10:54:36 proxmox2-1 kernel: pci 0000:03:00.0: reg 0x18: [mem 0xf6be0000-0xf6beffff 64bit pref]
Nov 01 10:54:36 proxmox2-1 kernel: pci 0000:03:00.0: reg 0x20: [mem 0xf6bd0000-0xf6bdffff 64bit pref]
Nov 01 10:54:36 proxmox2-1 kernel: pci 0000:03:00.0: reg 0x30: [mem 0x00000000-0x0003ffff pref]
Nov 01 10:54:36 proxmox2-1 kernel: pci 0000:03:00.0: PME# supported from D0 D3hot D3cold
Nov 01 10:54:36 proxmox2-1 kernel: pci 0000:03:00.1: [14e4:1657] type 00 class 0x020000
Nov 01 10:54:36 proxmox2-1 kernel: pci 0000:03:00.1: reg 0x10: [mem 0xf6bc0000-0xf6bcffff 64bit pref]
Nov 01 10:54:36 proxmox2-1 kernel: pci 0000:03:00.1: reg 0x18: [mem 0xf6bb0000-0xf6bbffff 64bit pref]
Nov 01 10:54:36 proxmox2-1 kernel: pci 0000:03:00.1: reg 0x20: [mem 0xf6ba0000-0xf6baffff 64bit pref]
Nov 01 10:54:36 proxmox2-1 kernel: pci 0000:03:00.1: reg 0x30: [mem 0x00000000-0x0001ffff pref]
Nov 01 10:54:36 proxmox2-1 kernel: pci 0000:03:00.1: PME# supported from D0 D3hot D3cold
Nov 01 10:54:36 proxmox2-1 kernel: pci 0000:03:00.2: [14e4:1657] type 00 class 0x020000
Nov 01 10:54:36 proxmox2-1 kernel: pci 0000:03:00.2: reg 0x10: [mem 0xf6b90000-0xf6b9ffff 64bit pref]
Nov 01 10:54:36 proxmox2-1 kernel: pci 0000:03:00.2: reg 0x18: [mem 0xf6b80000-0xf6b8ffff 64bit pref]
Nov 01 10:54:36 proxmox2-1 kernel: pci 0000:03:00.2: reg 0x20: [mem 0xf6b70000-0xf6b7ffff 64bit pref]
Nov 01 10:54:36 proxmox2-1 kernel: pci 0000:03:00.2: reg 0x30: [mem 0x00000000-0x0003ffff pref]
Nov 01 10:54:36 proxmox2-1 kernel: pci 0000:03:00.2: PME# supported from D0 D3hot D3cold
Nov 01 10:54:36 proxmox2-1 kernel: pci 0000:03:00.3: [14e4:1657] type 00 class 0x020000
Nov 01 10:54:36 proxmox2-1 kernel: pci 0000:03:00.3: reg 0x10: [mem 0xf6b60000-0xf6b6ffff 64bit pref]
Nov 01 10:54:36 proxmox2-1 kernel: pci 0000:03:00.3: reg 0x18: [mem 0xf6b50000-0xf6b5ffff 64bit pref]
Nov 01 10:54:36 proxmox2-1 kernel: pci 0000:03:00.3: reg 0x20: [mem 0xf6b40000-0xf6b4ffff 64bit pref]
Nov 01 10:54:36 proxmox2-1 kernel: pci 0000:03:00.3: reg 0x30: [mem 0x00000000-0x0003ffff pref]
Nov 01 10:54:36 proxmox2-1 kernel: pci 0000:03:00.3: PME# supported from D0 D3hot D3cold
Nov 01 10:54:36 proxmox2-1 kernel: pci 0000:00:02.0: PCI bridge to [bus 03]
Nov 01 10:54:36 proxmox2-1 kernel: pci 0000:00:02.0:   bridge window [mem 0xf6b00000-0xf6bfffff 64bit pref]
Nov 01 10:54:36 proxmox2-1 kernel: pci 0000:00:02.1: PCI bridge to [bus 14]
Nov 01 10:54:36 proxmox2-1 kernel: pci 0000:02:00.0: [103c:323b] type 00 class 0x010400
Nov 01 10:54:36 proxmox2-1 kernel: pci 0000:02:00.0: reg 0x10: [mem 0xf7b00000-0xf7bfffff 64bit]
Nov 01 10:54:36 proxmox2-1 kernel: pci 0000:02:00.0: reg 0x18: [mem 0xf7af0000-0xf7af03ff 64bit]
Nov 01 10:54:36 proxmox2-1 kernel: pci 0000:02:00.0: reg 0x20: [io  0x5000-0x50ff]
Nov 01 10:54:36 proxmox2-1 kernel: pci 0000:02:00.0: reg 0x30: [mem 0x00000000-0x0007ffff pref]
Nov 01 10:54:36 proxmox2-1 kernel: pci 0000:02:00.0: enabling Extended Tags
Nov 01 10:54:36 proxmox2-1 kernel: pci 0000:02:00.0: PME# supported from D0 D1 D3hot
Nov 01 10:54:36 proxmox2-1 kernel: pci 0000:00:02.2: PCI bridge to [bus 02]
Nov 01 10:54:36 proxmox2-1 kernel: pci 0000:00:02.2:   bridge window [io  0x5000-0x5fff]
Nov 01 10:54:36 proxmox2-1 kernel: pci 0000:00:02.2:   bridge window [mem 0xf7a00000-0xf7bfffff]
Nov 01 10:54:36 proxmox2-1 kernel: pci 0000:00:02.3: PCI bridge to [bus 15]
Nov 01 10:54:36 proxmox2-1 kernel: pci 0000:04:00.0: [8086:150e] type 00 class 0x020000
Nov 01 10:54:36 proxmox2-1 kernel: pci 0000:04:00.0: reg 0x10: [mem 0xf7f80000-0xf7ffffff 64bit]
Nov 01 10:54:36 proxmox2-1 kernel: pci 0000:04:00.0: reg 0x20: [mem 0xf7f70000-0xf7f73fff 64bit]
Nov 01 10:54:36 proxmox2-1 kernel: pci 0000:04:00.0: PME# supported from D0 D3hot D3cold
Nov 01 10:54:36 proxmox2-1 kernel: pci 0000:04:00.1: [8086:150e] type 00 class 0x020000
Nov 01 10:54:36 proxmox2-1 kernel: pci 0000:04:00.1: reg 0x10: [mem 0xf7e80000-0xf7efffff 64bit]
Nov 01 10:54:36 proxmox2-1 kernel: pci 0000:04:00.1: reg 0x20: [mem 0xf7e70000-0xf7e73fff 64bit]
Nov 01 10:54:36 proxmox2-1 kernel: pci 0000:04:00.1: PME# supported from D0 D3hot D3cold
Nov 01 10:54:36 proxmox2-1 kernel: pci 0000:04:00.2: [8086:150e] type 00 class 0x020000
Nov 01 10:54:36 proxmox2-1 kernel: pci 0000:04:00.2: reg 0x10: [mem 0xf7d80000-0xf7dfffff 64bit]
Nov 01 10:54:36 proxmox2-1 kernel: pci 0000:04:00.2: reg 0x20: [mem 0xf7d70000-0xf7d73fff 64bit]
Nov 01 10:54:36 proxmox2-1 kernel: pci 0000:04:00.2: PME# supported from D0 D3hot D3cold
Nov 01 10:54:36 proxmox2-1 kernel: pci 0000:04:00.3: [8086:150e] type 00 class 0x020000
Nov 01 10:54:36 proxmox2-1 kernel: pci 0000:04:00.3: reg 0x10: [mem 0xf7c80000-0xf7cfffff 64bit]
Nov 01 10:54:36 proxmox2-1 kernel: pci 0000:04:00.3: reg 0x20: [mem 0xf7c70000-0xf7c73fff 64bit]
Nov 01 10:54:36 proxmox2-1 kernel: pci 0000:04:00.3: PME# supported from D0 D3hot D3cold
Nov 01 10:54:36 proxmox2-1 kernel: pci 0000:00:03.0: PCI bridge to [bus 04]
Nov 01 10:54:36 proxmox2-1 kernel: pci 0000:00:03.0:   bridge window [mem 0xf7c00000-0xf7ffffff]
Nov 01 10:54:36 proxmox2-1 kernel: pci 0000:00:03.1: PCI bridge to [bus 16]
Nov 01 10:54:36 proxmox2-1 kernel: pci 0000:00:03.2: PCI bridge to [bus 17]
Nov 01 10:54:36 proxmox2-1 kernel: pci 0000:00:03.3: PCI bridge to [bus 18]
Nov 01 10:54:36 proxmox2-1 kernel: pci 0000:00:11.0: PCI bridge to [bus 1a]
Nov 01 10:54:36 proxmox2-1 kernel: pci 0000:00:1c.0: PCI bridge to [bus 0a]
Nov 01 10:54:36 proxmox2-1 kernel: pci 0000:01:00.0: [103c:3306] type 00 class 0x088000
Nov 01 10:54:36 proxmox2-1 kernel: pci 0000:01:00.0: reg 0x10: [io  0x3000-0x30ff]
Nov 01 10:54:36 proxmox2-1 kernel: pci 0000:01:00.0: reg 0x14: [mem 0xf79f0000-0xf79f01ff]
Nov 01 10:54:36 proxmox2-1 kernel: pci 0000:01:00.0: reg 0x18: [io  0x3400-0x34ff]
Nov 01 10:54:36 proxmox2-1 kernel: pci 0000:01:00.1: [102b:0533] type 00 class 0x030000
Nov 01 10:54:36 proxmox2-1 kernel: pci 0000:01:00.1: reg 0x10: [mem 0xf5000000-0xf5ffffff pref]
Nov 01 10:54:36 proxmox2-1 kernel: pci 0000:01:00.1: reg 0x14: [mem 0xf79e0000-0xf79e3fff]
Nov 01 10:54:36 proxmox2-1 kernel: pci 0000:01:00.1: reg 0x18: [mem 0xf7000000-0xf77fffff]
Nov 01 10:54:36 proxmox2-1 kernel: pci 0000:01:00.1: Video device with shadowed ROM at [mem 0x000c0000-0x000dffff]
Nov 01 10:54:36 proxmox2-1 kernel: pci 0000:01:00.2: [103c:3307] type 00 class 0x088000
Nov 01 10:54:36 proxmox2-1 kernel: pci 0000:01:00.2: reg 0x10: [io  0x3800-0x38ff]
Nov 01 10:54:36 proxmox2-1 kernel: pci 0000:01:00.2: reg 0x14: [mem 0xf6ff0000-0xf6ff00ff]
Nov 01 10:54:36 proxmox2-1 kernel: pci 0000:01:00.2: reg 0x18: [mem 0xf6e00000-0xf6efffff]
Nov 01 10:54:36 proxmox2-1 kernel: pci 0000:01:00.2: reg 0x1c: [mem 0xf6d80000-0xf6dfffff]
Nov 01 10:54:36 proxmox2-1 kernel: pci 0000:01:00.2: reg 0x20: [mem 0xf6d70000-0xf6d77fff]
Nov 01 10:54:36 proxmox2-1 kernel: pci 0000:01:00.2: reg 0x24: [mem 0xf6d60000-0xf6d67fff]
Nov 01 10:54:36 proxmox2-1 kernel: pci 0000:01:00.2: reg 0x30: [mem 0x00000000-0x0000ffff pref]
Nov 01 10:54:36 proxmox2-1 kernel: pci 0000:01:00.2: PME# supported from D0 D3hot D3cold
Nov 01 10:54:36 proxmox2-1 kernel: pci 0000:01:00.4: [103c:3300] type 00 class 0x0c0300
Nov 01 10:54:36 proxmox2-1 kernel: pci 0000:01:00.4: reg 0x20: [io  0x3c00-0x3c1f]
Nov 01 10:54:36 proxmox2-1 kernel: pci 0000:00:1c.7: PCI bridge to [bus 01]
Nov 01 10:54:36 proxmox2-1 kernel: pci 0000:00:1c.7:   bridge window [io  0x3000-0x3fff]
Nov 01 10:54:36 proxmox2-1 kernel: pci 0000:00:1c.7:   bridge window [mem 0xf6d00000-0xf79fffff]
Nov 01 10:54:36 proxmox2-1 kernel: pci 0000:00:1c.7:   bridge window [mem 0xf5000000-0xf5ffffff 64bit pref]
Nov 01 10:54:36 proxmox2-1 kernel: pci_bus 0000:19: extended config space not accessible
Nov 01 10:54:36 proxmox2-1 kernel: pci 0000:00:1e.0: PCI bridge to [bus 19] (subtractive decode)
Nov 01 10:54:36 proxmox2-1 kernel: pci 0000:00:1e.0:   bridge window [mem 0xf4000000-0xf7ffffff window] (subtractive decode)
Nov 01 10:54:36 proxmox2-1 kernel: pci 0000:00:1e.0:   bridge window [io  0x1000-0x7fff window] (subtractive decode)
Nov 01 10:54:36 proxmox2-1 kernel: pci 0000:00:1e.0:   bridge window [io  0x0000-0x03af window] (subtractive decode)
Nov 01 10:54:36 proxmox2-1 kernel: pci 0000:00:1e.0:   bridge window [io  0x03e0-0x0cf7 window] (subtractive decode)
Nov 01 10:54:36 proxmox2-1 kernel: pci 0000:00:1e.0:   bridge window [io  0x0d00-0x0fff window] (subtractive decode)
Nov 01 10:54:36 proxmox2-1 kernel: pci 0000:00:1e.0:   bridge window [io  0x03b0-0x03bb window] (subtractive decode)
Nov 01 10:54:36 proxmox2-1 kernel: pci 0000:00:1e.0:   bridge window [io  0x03c0-0x03df window] (subtractive decode)
Nov 01 10:54:36 proxmox2-1 kernel: pci 0000:00:1e.0:   bridge window [mem 0x000a0000-0x000bffff window] (subtractive decode)
Nov 01 10:54:36 proxmox2-1 kernel: pci_bus 0000:00: on NUMA node 0
Nov 01 10:54:36 proxmox2-1 kernel: ACPI: PCI: Interrupt link LNKA configured for IRQ 5
Nov 01 10:54:36 proxmox2-1 kernel: ACPI: PCI: Interrupt link LNKB configured for IRQ 7
Nov 01 10:54:36 proxmox2-1 kernel: ACPI: PCI: Interrupt link LNKC configured for IRQ 10
Nov 01 10:54:36 proxmox2-1 kernel: ACPI: PCI: Interrupt link LNKD configured for IRQ 10
Nov 01 10:54:36 proxmox2-1 kernel: ACPI: PCI: Interrupt link LNKE configured for IRQ 5
Nov 01 10:54:36 proxmox2-1 kernel: ACPI: PCI: Interrupt link LNKF configured for IRQ 7
Nov 01 10:54:36 proxmox2-1 kernel: ACPI: PCI: Interrupt link LNKG configured for IRQ 0
Nov 01 10:54:36 proxmox2-1 kernel: ACPI: PCI: Interrupt link LNKG disabled
Nov 01 10:54:36 proxmox2-1 kernel: ACPI: PCI: Interrupt link LNKH configured for IRQ 0
Nov 01 10:54:36 proxmox2-1 kernel: ACPI: PCI: Interrupt link LNKH disabled
Nov 01 10:54:36 proxmox2-1 kernel: ACPI: PCI Root Bridge [PCI1] (domain 0000 [bus 20-3f])
Nov 01 10:54:36 proxmox2-1 kernel: acpi PNP0A08:01: _OSC: OS supports [ExtendedConfig ASPM ClockPM Segments MSI EDR HPX-Type3]
Nov 01 10:54:36 proxmox2-1 kernel: acpi PNP0A08:01: _OSC: platform does not support [PCIeHotplug SHPCHotplug PME AER PCIeCapability LTR DPC]
Nov 01 10:54:36 proxmox2-1 kernel: acpi PNP0A08:01: _OSC: not requesting control; platform does not support [PCIeCapability]
Nov 01 10:54:36 proxmox2-1 kernel: acpi PNP0A08:01: _OSC: OS requested [PCIeHotplug SHPCHotplug PME AER PCIeCapability LTR DPC]
Nov 01 10:54:36 proxmox2-1 kernel: acpi PNP0A08:01: _OSC: platform willing to grant []
Nov 01 10:54:36 proxmox2-1 kernel: acpi PNP0A08:01: _OSC: platform retains control of PCIe features (AE_SUPPORT)
Nov 01 10:54:36 proxmox2-1 kernel: PCI host bridge to bus 0000:20
Nov 01 10:54:36 proxmox2-1 kernel: pci_bus 0000:20: root bus resource [mem 0xf8000000-0xfbffffff window]
Nov 01 10:54:36 proxmox2-1 kernel: pci_bus 0000:20: root bus resource [io  0x8000-0xffff window]
Nov 01 10:54:36 proxmox2-1 kernel: pci_bus 0000:20: root bus resource [bus 20-3f]
Nov 01 10:54:36 proxmox2-1 kernel: pci 0000:20:00.0: [8086:3c01] type 01 class 0x060400
Nov 01 10:54:36 proxmox2-1 kernel: pci 0000:20:00.0: PME# supported from D0 D3hot D3cold
Nov 01 10:54:36 proxmox2-1 kernel: pci 0000:20:01.0: [8086:3c02] type 01 class 0x060400
Nov 01 10:54:36 proxmox2-1 kernel: pci 0000:20:01.0: PME# supported from D0 D3hot D3cold
Nov 01 10:54:36 proxmox2-1 kernel: pci 0000:20:01.1: [8086:3c03] type 01 class 0x060400
Nov 01 10:54:36 proxmox2-1 kernel: pci 0000:20:01.1: PME# supported from D0 D3hot D3cold
Nov 01 10:54:36 proxmox2-1 kernel: pci 0000:20:02.0: [8086:3c04] type 01 class 0x060400
Nov 01 10:54:36 proxmox2-1 kernel: pci 0000:20:02.0: PME# supported from D0 D3hot D3cold
Nov 01 10:54:36 proxmox2-1 kernel: pci 0000:20:02.1: [8086:3c05] type 01 class 0x060400
Nov 01 10:54:36 proxmox2-1 kernel: pci 0000:20:02.1: PME# supported from D0 D3hot D3cold
Nov 01 10:54:36 proxmox2-1 kernel: pci 0000:20:02.2: [8086:3c06] type 01 class 0x060400
Nov 01 10:54:36 proxmox2-1 kernel: pci 0000:20:02.2: PME# supported from D0 D3hot D3cold
Nov 01 10:54:36 proxmox2-1 kernel: pci 0000:20:02.3: [8086:3c07] type 01 class 0x060400
Nov 01 10:54:36 proxmox2-1 kernel: pci 0000:20:02.3: PME# supported from D0 D3hot D3cold
Nov 01 10:54:36 proxmox2-1 kernel: pci 0000:20:03.0: [8086:3c08] type 01 class 0x060400
Nov 01 10:54:36 proxmox2-1 kernel: pci 0000:20:03.0: enabling Extended Tags
Nov 01 10:54:36 proxmox2-1 kernel: pci 0000:20:03.0: PME# supported from D0 D3hot D3cold
Nov 01 10:54:36 proxmox2-1 kernel: pci 0000:20:03.1: [8086:3c09] type 01 class 0x060400
Nov 01 10:54:36 proxmox2-1 kernel: pci 0000:20:03.1: PME# supported from D0 D3hot D3cold
Nov 01 10:54:36 proxmox2-1 kernel: pci 0000:20:03.2: [8086:3c0a] type 01 class 0x060400
Nov 01 10:54:36 proxmox2-1 kernel: pci 0000:20:03.2: PME# supported from D0 D3hot D3cold
Nov 01 10:54:36 proxmox2-1 kernel: pci 0000:20:03.3: [8086:3c0b] type 01 class 0x060400
Nov 01 10:54:36 proxmox2-1 kernel: pci 0000:20:03.3: PME# supported from D0 D3hot D3cold
Nov 01 10:54:36 proxmox2-1 kernel: pci 0000:20:04.0: [8086:3c20] type 00 class 0x088000
Nov 01 10:54:36 proxmox2-1 kernel: pci 0000:20:04.0: reg 0x10: [mem 0xfbff0000-0xfbff3fff 64bit]
Nov 01 10:54:36 proxmox2-1 kernel: pci 0000:20:04.1: [8086:3c21] type 00 class 0x088000
Nov 01 10:54:36 proxmox2-1 kernel: pci 0000:20:04.1: reg 0x10: [mem 0xfbfe0000-0xfbfe3fff 64bit]
Nov 01 10:54:36 proxmox2-1 kernel: pci 0000:20:04.2: [8086:3c22] type 00 class 0x088000
Nov 01 10:54:36 proxmox2-1 kernel: pci 0000:20:04.2: reg 0x10: [mem 0xfbfd0000-0xfbfd3fff 64bit]
Nov 01 10:54:36 proxmox2-1 kernel: pci 0000:20:04.3: [8086:3c23] type 00 class 0x088000
Nov 01 10:54:36 proxmox2-1 kernel: pci 0000:20:04.3: reg 0x10: [mem 0xfbfc0000-0xfbfc3fff 64bit]
Nov 01 10:54:36 proxmox2-1 kernel: pci 0000:20:04.4: [8086:3c24] type 00 class 0x088000
Nov 01 10:54:36 proxmox2-1 kernel: pci 0000:20:04.4: reg 0x10: [mem 0xfbfb0000-0xfbfb3fff 64bit]
Nov 01 10:54:36 proxmox2-1 kernel: pci 0000:20:04.5: [8086:3c25] type 00 class 0x088000
Nov 01 10:54:36 proxmox2-1 kernel: pci 0000:20:04.5: reg 0x10: [mem 0xfbfa0000-0xfbfa3fff 64bit]
Nov 01 10:54:36 proxmox2-1 kernel: pci 0000:20:04.6: [8086:3c26] type 00 class 0x088000
Nov 01 10:54:36 proxmox2-1 kernel: pci 0000:20:04.6: reg 0x10: [mem 0xfbf90000-0xfbf93fff 64bit]
Nov 01 10:54:36 proxmox2-1 kernel: pci 0000:20:04.7: [8086:3c27] type 00 class 0x088000
Nov 01 10:54:36 proxmox2-1 kernel: pci 0000:20:04.7: reg 0x10: [mem 0xfbf80000-0xfbf83fff 64bit]
Nov 01 10:54:36 proxmox2-1 kernel: pci 0000:20:05.0: [8086:3c28] type 00 class 0x088000
Nov 01 10:54:36 proxmox2-1 kernel: pci 0000:20:05.2: [8086:3c2a] type 00 class 0x088000
Nov 01 10:54:36 proxmox2-1 kernel: pci 0000:20:05.4: [8086:3c2c] type 00 class 0x080020
Nov 01 10:54:36 proxmox2-1 kernel: pci 0000:20:05.4: reg 0x10: [mem 0xfbf70000-0xfbf70fff]
Nov 01 10:54:36 proxmox2-1 kernel: pci 0000:20:00.0: PCI bridge to [bus 2b]
Nov 01 10:54:36 proxmox2-1 kernel: pci 0000:20:01.0: PCI bridge to [bus 24]
Nov 01 10:54:36 proxmox2-1 kernel: pci 0000:20:01.1: PCI bridge to [bus 25]
Nov 01 10:54:36 proxmox2-1 kernel: pci 0000:20:02.0: PCI bridge to [bus 23]
Nov 01 10:54:36 proxmox2-1 kernel: pci 0000:20:02.1: PCI bridge to [bus 26]
Nov 01 10:54:36 proxmox2-1 kernel: pci 0000:20:02.2: PCI bridge to [bus 22]
Nov 01 10:54:36 proxmox2-1 kernel: pci 0000:20:02.3: PCI bridge to [bus 27]
Nov 01 10:54:36 proxmox2-1 kernel: pci 0000:20:03.0: PCI bridge to [bus 21]
Nov 01 10:54:36 proxmox2-1 kernel: pci 0000:20:03.1: PCI bridge to [bus 28]
Nov 01 10:54:36 proxmox2-1 kernel: pci 0000:20:03.2: PCI bridge to [bus 29]
Nov 01 10:54:36 proxmox2-1 kernel: pci 0000:20:03.3: PCI bridge to [bus 2a]
Nov 01 10:54:36 proxmox2-1 kernel: pci_bus 0000:20: on NUMA node 1
Nov 01 10:54:36 proxmox2-1 kernel: iommu: Default domain type: Translated 
Nov 01 10:54:36 proxmox2-1 kernel: iommu: DMA domain TLB invalidation policy: lazy mode 
Nov 01 10:54:36 proxmox2-1 kernel: SCSI subsystem initialized
Nov 01 10:54:36 proxmox2-1 kernel: libata version 3.00 loaded.
Nov 01 10:54:36 proxmox2-1 kernel: pci 0000:01:00.1: vgaarb: setting as boot VGA device
Nov 01 10:54:36 proxmox2-1 kernel: pci 0000:01:00.1: vgaarb: VGA device added: decodes=io+mem,owns=io+mem,locks=none
Nov 01 10:54:36 proxmox2-1 kernel: pci 0000:01:00.1: vgaarb: bridge control possible
Nov 01 10:54:36 proxmox2-1 kernel: vgaarb: loaded
Nov 01 10:54:36 proxmox2-1 kernel: ACPI: bus type USB registered
Nov 01 10:54:36 proxmox2-1 kernel: usbcore: registered new interface driver usbfs
Nov 01 10:54:36 proxmox2-1 kernel: usbcore: registered new interface driver hub
Nov 01 10:54:36 proxmox2-1 kernel: usbcore: registered new device driver usb
Nov 01 10:54:36 proxmox2-1 kernel: pps_core: LinuxPPS API ver. 1 registered
Nov 01 10:54:36 proxmox2-1 kernel: pps_core: Software ver. 5.3.6 - Copyright 2005-2007 Rodolfo Giometti <giometti@linux.it>
Nov 01 10:54:36 proxmox2-1 kernel: PTP clock support registered
Nov 01 10:54:36 proxmox2-1 kernel: EDAC MC: Ver: 3.0.0
Nov 01 10:54:36 proxmox2-1 kernel: NetLabel: Initializing
Nov 01 10:54:36 proxmox2-1 kernel: NetLabel:  domain hash size = 128
Nov 01 10:54:36 proxmox2-1 kernel: NetLabel:  protocols = UNLABELED CIPSOv4 CALIPSO
Nov 01 10:54:36 proxmox2-1 kernel: NetLabel:  unlabeled traffic allowed by default
Nov 01 10:54:36 proxmox2-1 kernel: PCI: Using ACPI for IRQ routing
Nov 01 10:54:36 proxmox2-1 kernel: PCI: Discovered peer bus 1f
Nov 01 10:54:36 proxmox2-1 kernel: PCI: root bus 1f: using default resources
Nov 01 10:54:36 proxmox2-1 kernel: PCI: Probing PCI hardware (bus 1f)
Nov 01 10:54:36 proxmox2-1 kernel: PCI host bridge to bus 0000:1f
Nov 01 10:54:36 proxmox2-1 kernel: pci_bus 0000:1f: Unknown NUMA node; performance will be reduced
Nov 01 10:54:36 proxmox2-1 kernel: pci_bus 0000:1f: root bus resource [io  0x0000-0xffff]
Nov 01 10:54:36 proxmox2-1 kernel: pci_bus 0000:1f: root bus resource [mem 0x00000000-0x3fffffffffff]
Nov 01 10:54:36 proxmox2-1 kernel: pci_bus 0000:1f: No busn resource found for root bus, will use [bus 1f-ff]
Nov 01 10:54:36 proxmox2-1 kernel: pci_bus 0000:1f: busn_res: can not insert [bus 1f-ff] under domain [bus 00-ff] (conflicts with (null) [bus 00-1f])
Nov 01 10:54:36 proxmox2-1 kernel: pci 0000:1f:08.0: [8086:3c80] type 00 class 0x088000
Nov 01 10:54:36 proxmox2-1 kernel: pci 0000:1f:08.3: [8086:3c83] type 00 class 0x088000
Nov 01 10:54:36 proxmox2-1 kernel: pci 0000:1f:08.4: [8086:3c84] type 00 class 0x088000
Nov 01 10:54:36 proxmox2-1 kernel: pci 0000:1f:09.0: [8086:3c90] type 00 class 0x088000
Nov 01 10:54:36 proxmox2-1 kernel: pci 0000:1f:09.3: [8086:3c93] type 00 class 0x088000
Nov 01 10:54:36 proxmox2-1 kernel: pci 0000:1f:09.4: [8086:3c94] type 00 class 0x088000
Nov 01 10:54:36 proxmox2-1 kernel: pci 0000:1f:0a.0: [8086:3cc0] type 00 class 0x088000
Nov 01 10:54:36 proxmox2-1 kernel: pci 0000:1f:0a.1: [8086:3cc1] type 00 class 0x088000
Nov 01 10:54:36 proxmox2-1 kernel: pci 0000:1f:0a.2: [8086:3cc2] type 00 class 0x088000
Nov 01 10:54:36 proxmox2-1 kernel: pci 0000:1f:0a.3: [8086:3cd0] type 00 class 0x088000
Nov 01 10:54:36 proxmox2-1 kernel: pci 0000:1f:0b.0: [8086:3ce0] type 00 class 0x088000
Nov 01 10:54:36 proxmox2-1 kernel: pci 0000:1f:0b.3: [8086:3ce3] type 00 class 0x088000
Nov 01 10:54:36 proxmox2-1 kernel: pci 0000:1f:0c.0: [8086:3ce8] type 00 class 0x088000
Nov 01 10:54:36 proxmox2-1 kernel: pci 0000:1f:0c.1: [8086:3ce8] type 00 class 0x088000
Nov 01 10:54:36 proxmox2-1 kernel: pci 0000:1f:0c.2: [8086:3ce8] type 00 class 0x088000
Nov 01 10:54:36 proxmox2-1 kernel: pci 0000:1f:0c.6: [8086:3cf4] type 00 class 0x088000
Nov 01 10:54:36 proxmox2-1 kernel: pci 0000:1f:0c.7: [8086:3cf6] type 00 class 0x088000
Nov 01 10:54:36 proxmox2-1 kernel: pci 0000:1f:0d.0: [8086:3ce8] type 00 class 0x088000
Nov 01 10:54:36 proxmox2-1 kernel: pci 0000:1f:0d.1: [8086:3ce8] type 00 class 0x088000
Nov 01 10:54:36 proxmox2-1 kernel: pci 0000:1f:0d.2: [8086:3ce8] type 00 class 0x088000
Nov 01 10:54:36 proxmox2-1 kernel: pci 0000:1f:0d.6: [8086:3cf5] type 00 class 0x088000
Nov 01 10:54:36 proxmox2-1 kernel: pci 0000:1f:0e.0: [8086:3ca0] type 00 class 0x088000
Nov 01 10:54:36 proxmox2-1 kernel: pci 0000:1f:0e.1: [8086:3c46] type 00 class 0x110100
Nov 01 10:54:36 proxmox2-1 kernel: pci 0000:1f:0f.0: [8086:3ca8] type 00 class 0x088000
Nov 01 10:54:36 proxmox2-1 kernel: pci 0000:1f:0f.1: [8086:3c71] type 00 class 0x088000
Nov 01 10:54:36 proxmox2-1 kernel: pci 0000:1f:0f.2: [8086:3caa] type 00 class 0x088000
Nov 01 10:54:36 proxmox2-1 kernel: pci 0000:1f:0f.3: [8086:3cab] type 00 class 0x088000
Nov 01 10:54:36 proxmox2-1 kernel: pci 0000:1f:0f.4: [8086:3cac] type 00 class 0x088000
Nov 01 10:54:36 proxmox2-1 kernel: pci 0000:1f:0f.5: [8086:3cad] type 00 class 0x088000
Nov 01 10:54:36 proxmox2-1 kernel: pci 0000:1f:0f.6: [8086:3cae] type 00 class 0x088000
Nov 01 10:54:36 proxmox2-1 kernel: pci 0000:1f:10.0: [8086:3cb0] type 00 class 0x088000
Nov 01 10:54:36 proxmox2-1 kernel: pci 0000:1f:10.1: [8086:3cb1] type 00 class 0x088000
Nov 01 10:54:36 proxmox2-1 kernel: pci 0000:1f:10.2: [8086:3cb2] type 00 class 0x088000
Nov 01 10:54:36 proxmox2-1 kernel: pci 0000:1f:10.3: [8086:3cb3] type 00 class 0x088000
Nov 01 10:54:36 proxmox2-1 kernel: pci 0000:1f:10.4: [8086:3cb4] type 00 class 0x088000
Nov 01 10:54:36 proxmox2-1 kernel: pci 0000:1f:10.5: [8086:3cb5] type 00 class 0x088000
Nov 01 10:54:36 proxmox2-1 kernel: pci 0000:1f:10.6: [8086:3cb6] type 00 class 0x088000
Nov 01 10:54:36 proxmox2-1 kernel: pci 0000:1f:10.7: [8086:3cb7] type 00 class 0x088000
Nov 01 10:54:36 proxmox2-1 kernel: pci 0000:1f:11.0: [8086:3cb8] type 00 class 0x088000
Nov 01 10:54:36 proxmox2-1 kernel: pci 0000:1f:13.0: [8086:3ce4] type 00 class 0x088000
Nov 01 10:54:36 proxmox2-1 kernel: pci 0000:1f:13.1: [8086:3c43] type 00 class 0x110100
Nov 01 10:54:36 proxmox2-1 kernel: pci 0000:1f:13.4: [8086:3ce6] type 00 class 0x110100
Nov 01 10:54:36 proxmox2-1 kernel: pci 0000:1f:13.5: [8086:3c44] type 00 class 0x110100
Nov 01 10:54:36 proxmox2-1 kernel: pci 0000:1f:13.6: [8086:3c45] type 00 class 0x088000
Nov 01 10:54:36 proxmox2-1 kernel: pci_bus 0000:1f: busn_res: [bus 1f-ff] end is updated to 1f
Nov 01 10:54:36 proxmox2-1 kernel: pci_bus 0000:1f: busn_res: can not insert [bus 1f] under domain [bus 00-ff] (conflicts with (null) [bus 00-1f])
Nov 01 10:54:36 proxmox2-1 kernel: PCI: Discovered peer bus 3f
Nov 01 10:54:36 proxmox2-1 kernel: PCI: root bus 3f: using default resources
Nov 01 10:54:36 proxmox2-1 kernel: PCI: Probing PCI hardware (bus 3f)
Nov 01 10:54:36 proxmox2-1 kernel: PCI host bridge to bus 0000:3f
Nov 01 10:54:36 proxmox2-1 kernel: pci_bus 0000:3f: Unknown NUMA node; performance will be reduced
Nov 01 10:54:36 proxmox2-1 kernel: pci_bus 0000:3f: root bus resource [io  0x0000-0xffff]
Nov 01 10:54:36 proxmox2-1 kernel: pci_bus 0000:3f: root bus resource [mem 0x00000000-0x3fffffffffff]
Nov 01 10:54:36 proxmox2-1 kernel: pci_bus 0000:3f: No busn resource found for root bus, will use [bus 3f-ff]
Nov 01 10:54:36 proxmox2-1 kernel: pci_bus 0000:3f: busn_res: can not insert [bus 3f-ff] under domain [bus 00-ff] (conflicts with (null) [bus 20-3f])
Nov 01 10:54:36 proxmox2-1 kernel: pci 0000:3f:08.0: [8086:3c80] type 00 class 0x088000
Nov 01 10:54:36 proxmox2-1 kernel: pci 0000:3f:08.3: [8086:3c83] type 00 class 0x088000
Nov 01 10:54:36 proxmox2-1 kernel: pci 0000:3f:08.4: [8086:3c84] type 00 class 0x088000
Nov 01 10:54:36 proxmox2-1 kernel: pci 0000:3f:09.0: [8086:3c90] type 00 class 0x088000
Nov 01 10:54:36 proxmox2-1 kernel: pci 0000:3f:09.3: [8086:3c93] type 00 class 0x088000
Nov 01 10:54:36 proxmox2-1 kernel: pci 0000:3f:09.4: [8086:3c94] type 00 class 0x088000
Nov 01 10:54:36 proxmox2-1 kernel: pci 0000:3f:0a.0: [8086:3cc0] type 00 class 0x088000
Nov 01 10:54:36 proxmox2-1 kernel: pci 0000:3f:0a.1: [8086:3cc1] type 00 class 0x088000
Nov 01 10:54:36 proxmox2-1 kernel: pci 0000:3f:0a.2: [8086:3cc2] type 00 class 0x088000
Nov 01 10:54:36 proxmox2-1 kernel: pci 0000:3f:0a.3: [8086:3cd0] type 00 class 0x088000
Nov 01 10:54:36 proxmox2-1 kernel: pci 0000:3f:0b.0: [8086:3ce0] type 00 class 0x088000
Nov 01 10:54:36 proxmox2-1 kernel: pci 0000:3f:0b.3: [8086:3ce3] type 00 class 0x088000
Nov 01 10:54:36 proxmox2-1 kernel: pci 0000:3f:0c.0: [8086:3ce8] type 00 class 0x088000
Nov 01 10:54:36 proxmox2-1 kernel: pci 0000:3f:0c.1: [8086:3ce8] type 00 class 0x088000
Nov 01 10:54:36 proxmox2-1 kernel: pci 0000:3f:0c.2: [8086:3ce8] type 00 class 0x088000
Nov 01 10:54:36 proxmox2-1 kernel: pci 0000:3f:0c.6: [8086:3cf4] type 00 class 0x088000
Nov 01 10:54:36 proxmox2-1 kernel: pci 0000:3f:0c.7: [8086:3cf6] type 00 class 0x088000
Nov 01 10:54:36 proxmox2-1 kernel: pci 0000:3f:0d.0: [8086:3ce8] type 00 class 0x088000
Nov 01 10:54:36 proxmox2-1 kernel: pci 0000:3f:0d.1: [8086:3ce8] type 00 class 0x088000
Nov 01 10:54:36 proxmox2-1 kernel: pci 0000:3f:0d.2: [8086:3ce8] type 00 class 0x088000
Nov 01 10:54:36 proxmox2-1 kernel: pci 0000:3f:0d.6: [8086:3cf5] type 00 class 0x088000
Nov 01 10:54:36 proxmox2-1 kernel: pci 0000:3f:0e.0: [8086:3ca0] type 00 class 0x088000
Nov 01 10:54:36 proxmox2-1 kernel: pci 0000:3f:0e.1: [8086:3c46] type 00 class 0x110100
Nov 01 10:54:36 proxmox2-1 kernel: pci 0000:3f:0f.0: [8086:3ca8] type 00 class 0x088000
Nov 01 10:54:36 proxmox2-1 kernel: pci 0000:3f:0f.1: [8086:3c71] type 00 class 0x088000
Nov 01 10:54:36 proxmox2-1 kernel: pci 0000:3f:0f.2: [8086:3caa] type 00 class 0x088000
Nov 01 10:54:36 proxmox2-1 kernel: pci 0000:3f:0f.3: [8086:3cab] type 00 class 0x088000
Nov 01 10:54:36 proxmox2-1 kernel: pci 0000:3f:0f.4: [8086:3cac] type 00 class 0x088000
Nov 01 10:54:36 proxmox2-1 kernel: pci 0000:3f:0f.5: [8086:3cad] type 00 class 0x088000
Nov 01 10:54:36 proxmox2-1 kernel: pci 0000:3f:0f.6: [8086:3cae] type 00 class 0x088000
Nov 01 10:54:36 proxmox2-1 kernel: pci 0000:3f:10.0: [8086:3cb0] type 00 class 0x088000
Nov 01 10:54:36 proxmox2-1 kernel: pci 0000:3f:10.1: [8086:3cb1] type 00 class 0x088000
Nov 01 10:54:36 proxmox2-1 kernel: pci 0000:3f:10.2: [8086:3cb2] type 00 class 0x088000
Nov 01 10:54:36 proxmox2-1 kernel: pci 0000:3f:10.3: [8086:3cb3] type 00 class 0x088000
Nov 01 10:54:36 proxmox2-1 kernel: pci 0000:3f:10.4: [8086:3cb4] type 00 class 0x088000
Nov 01 10:54:36 proxmox2-1 kernel: pci 0000:3f:10.5: [8086:3cb5] type 00 class 0x088000
Nov 01 10:54:36 proxmox2-1 kernel: pci 0000:3f:10.6: [8086:3cb6] type 00 class 0x088000
Nov 01 10:54:36 proxmox2-1 kernel: pci 0000:3f:10.7: [8086:3cb7] type 00 class 0x088000
Nov 01 10:54:36 proxmox2-1 kernel: pci 0000:3f:11.0: [8086:3cb8] type 00 class 0x088000
Nov 01 10:54:36 proxmox2-1 kernel: pci 0000:3f:13.0: [8086:3ce4] type 00 class 0x088000
Nov 01 10:54:36 proxmox2-1 kernel: pci 0000:3f:13.1: [8086:3c43] type 00 class 0x110100
Nov 01 10:54:36 proxmox2-1 kernel: pci 0000:3f:13.4: [8086:3ce6] type 00 class 0x110100
Nov 01 10:54:36 proxmox2-1 kernel: pci 0000:3f:13.5: [8086:3c44] type 00 class 0x110100
Nov 01 10:54:36 proxmox2-1 kernel: pci 0000:3f:13.6: [8086:3c45] type 00 class 0x088000
Nov 01 10:54:36 proxmox2-1 kernel: pci_bus 0000:3f: busn_res: [bus 3f-ff] end is updated to 3f
Nov 01 10:54:36 proxmox2-1 kernel: pci_bus 0000:3f: busn_res: can not insert [bus 3f] under domain [bus 00-ff] (conflicts with (null) [bus 20-3f])
Nov 01 10:54:36 proxmox2-1 kernel: PCI: pci_cache_line_size set to 64 bytes
Nov 01 10:54:36 proxmox2-1 kernel: e820: reserve RAM buffer [mem 0x0009c800-0x0009ffff]
Nov 01 10:54:36 proxmox2-1 kernel: e820: reserve RAM buffer [mem 0xbddac000-0xbfffffff]
Nov 01 10:54:36 proxmox2-1 kernel: e820: reserve RAM buffer [mem 0x303ffff000-0x303fffffff]
Nov 01 10:54:36 proxmox2-1 kernel: hpet0: at MMIO 0xfed00000, IRQs 2, 8, 0, 0, 0, 0, 0, 0
Nov 01 10:54:36 proxmox2-1 kernel: hpet0: 8 comparators, 64-bit 14.318180 MHz counter
Nov 01 10:54:36 proxmox2-1 kernel: clocksource: Switched to clocksource tsc-early
Nov 01 10:54:36 proxmox2-1 kernel: VFS: Disk quotas dquot_6.6.0
Nov 01 10:54:36 proxmox2-1 kernel: VFS: Dquot-cache hash table entries: 512 (order 0, 4096 bytes)
Nov 01 10:54:36 proxmox2-1 kernel: AppArmor: AppArmor Filesystem Enabled
Nov 01 10:54:36 proxmox2-1 kernel: pnp: PnP ACPI init
Nov 01 10:54:36 proxmox2-1 kernel: system 00:00: [mem 0xf4ffe000-0xf4ffffff] could not be reserved
Nov 01 10:54:36 proxmox2-1 kernel: system 00:01: [io  0x0408-0x040f] has been reserved
Nov 01 10:54:36 proxmox2-1 kernel: system 00:01: [io  0x04d0-0x04d1] has been reserved
Nov 01 10:54:36 proxmox2-1 kernel: system 00:01: [io  0x0310-0x0315] has been reserved
Nov 01 10:54:36 proxmox2-1 kernel: system 00:01: [io  0x0316-0x0317] has been reserved
Nov 01 10:54:36 proxmox2-1 kernel: system 00:01: [io  0x0700-0x071f] has been reserved
Nov 01 10:54:36 proxmox2-1 kernel: system 00:01: [io  0x0880-0x08ff] has been reserved
Nov 01 10:54:36 proxmox2-1 kernel: system 00:01: [io  0x0900-0x097f] has been reserved
Nov 01 10:54:36 proxmox2-1 kernel: system 00:01: [io  0x0cd4-0x0cd7] has been reserved
Nov 01 10:54:36 proxmox2-1 kernel: system 00:01: [io  0x0cd0-0x0cd3] has been reserved
Nov 01 10:54:36 proxmox2-1 kernel: system 00:01: [io  0x0f50-0x0f58] has been reserved
Nov 01 10:54:36 proxmox2-1 kernel: system 00:01: [io  0x0ca0-0x0ca1] has been reserved
Nov 01 10:54:36 proxmox2-1 kernel: system 00:01: [io  0x0ca4-0x0ca5] has been reserved
Nov 01 10:54:36 proxmox2-1 kernel: system 00:01: [io  0x02f8-0x02ff] has been reserved
Nov 01 10:54:36 proxmox2-1 kernel: system 00:01: [mem 0xc0000000-0xcfffffff] has been reserved
Nov 01 10:54:36 proxmox2-1 kernel: system 00:01: [mem 0xfe000000-0xfebfffff] has been reserved
Nov 01 10:54:36 proxmox2-1 kernel: system 00:01: [mem 0xfc000000-0xfc000fff] has been reserved
Nov 01 10:54:36 proxmox2-1 kernel: system 00:01: [mem 0xfed1c000-0xfed1ffff] has been reserved
Nov 01 10:54:36 proxmox2-1 kernel: system 00:01: [mem 0xfed30000-0xfed3ffff] has been reserved
Nov 01 10:54:36 proxmox2-1 kernel: system 00:01: [mem 0xfee00000-0xfee00fff] has been reserved
Nov 01 10:54:36 proxmox2-1 kernel: system 00:01: [mem 0xff800000-0xffffffff] has been reserved
Nov 01 10:54:36 proxmox2-1 kernel: system 00:06: [mem 0xfbefe000-0xfbefffff] could not be reserved
Nov 01 10:54:36 proxmox2-1 kernel: pnp: PnP ACPI: found 7 devices
Nov 01 10:54:36 proxmox2-1 kernel: clocksource: acpi_pm: mask: 0xffffff max_cycles: 0xffffff, max_idle_ns: 2085701024 ns
Nov 01 10:54:36 proxmox2-1 kernel: NET: Registered PF_INET protocol family
Nov 01 10:54:36 proxmox2-1 kernel: IP idents hash table entries: 262144 (order: 9, 2097152 bytes, vmalloc)
Nov 01 10:54:36 proxmox2-1 kernel: tcp_listen_portaddr_hash hash table entries: 65536 (order: 8, 1048576 bytes, vmalloc)
Nov 01 10:54:36 proxmox2-1 kernel: Table-perturb hash table entries: 65536 (order: 6, 262144 bytes, vmalloc)
Nov 01 10:54:36 proxmox2-1 kernel: TCP established hash table entries: 524288 (order: 10, 4194304 bytes, vmalloc)
Nov 01 10:54:36 proxmox2-1 kernel: TCP bind hash table entries: 65536 (order: 8, 1048576 bytes, vmalloc)
Nov 01 10:54:36 proxmox2-1 kernel: TCP: Hash tables configured (established 524288 bind 65536)
Nov 01 10:54:36 proxmox2-1 kernel: MPTCP token hash table entries: 65536 (order: 8, 1572864 bytes, vmalloc)
Nov 01 10:54:36 proxmox2-1 kernel: UDP hash table entries: 65536 (order: 9, 2097152 bytes, vmalloc)
Nov 01 10:54:36 proxmox2-1 kernel: UDP-Lite hash table entries: 65536 (order: 9, 2097152 bytes, vmalloc)
Nov 01 10:54:36 proxmox2-1 kernel: NET: Registered PF_UNIX/PF_LOCAL protocol family
Nov 01 10:54:36 proxmox2-1 kernel: NET: Registered PF_XDP protocol family
Nov 01 10:54:36 proxmox2-1 kernel: pci 0000:00:02.0: BAR 14: assigned [mem 0xf4000000-0xf40fffff]
Nov 01 10:54:36 proxmox2-1 kernel: pci 0000:00:01.0: PCI bridge to [bus 07]
Nov 01 10:54:36 proxmox2-1 kernel: pci 0000:00:01.1: PCI bridge to [bus 13]
Nov 01 10:54:36 proxmox2-1 kernel: pci 0000:03:00.0: BAR 6: assigned [mem 0xf4000000-0xf403ffff pref]
Nov 01 10:54:36 proxmox2-1 kernel: pci 0000:03:00.2: BAR 6: assigned [mem 0xf4040000-0xf407ffff pref]
Nov 01 10:54:36 proxmox2-1 kernel: pci 0000:03:00.3: BAR 6: assigned [mem 0xf4080000-0xf40bffff pref]
Nov 01 10:54:36 proxmox2-1 kernel: pci 0000:03:00.1: BAR 6: assigned [mem 0xf40c0000-0xf40dffff pref]
Nov 01 10:54:36 proxmox2-1 kernel: pci 0000:00:02.0: PCI bridge to [bus 03]
Nov 01 10:54:36 proxmox2-1 kernel: pci 0000:00:02.0:   bridge window [mem 0xf4000000-0xf40fffff]
Nov 01 10:54:36 proxmox2-1 kernel: pci 0000:00:02.0:   bridge window [mem 0xf6b00000-0xf6bfffff 64bit pref]
Nov 01 10:54:36 proxmox2-1 kernel: pci 0000:00:02.1: PCI bridge to [bus 14]
Nov 01 10:54:36 proxmox2-1 kernel: pci 0000:02:00.0: BAR 6: assigned [mem 0xf7a00000-0xf7a7ffff pref]
Nov 01 10:54:36 proxmox2-1 kernel: pci 0000:00:02.2: PCI bridge to [bus 02]
Nov 01 10:54:36 proxmox2-1 kernel: pci 0000:00:02.2:   bridge window [io  0x5000-0x5fff]
Nov 01 10:54:36 proxmox2-1 kernel: pci 0000:00:02.2:   bridge window [mem 0xf7a00000-0xf7bfffff]
Nov 01 10:54:36 proxmox2-1 kernel: pci 0000:00:02.3: PCI bridge to [bus 15]
Nov 01 10:54:36 proxmox2-1 kernel: pci 0000:00:03.0: PCI bridge to [bus 04]
Nov 01 10:54:36 proxmox2-1 kernel: pci 0000:00:03.0:   bridge window [mem 0xf7c00000-0xf7ffffff]
Nov 01 10:54:36 proxmox2-1 kernel: pci 0000:00:03.1: PCI bridge to [bus 16]
Nov 01 10:54:36 proxmox2-1 kernel: pci 0000:00:03.2: PCI bridge to [bus 17]
Nov 01 10:54:36 proxmox2-1 kernel: pci 0000:00:03.3: PCI bridge to [bus 18]
Nov 01 10:54:36 proxmox2-1 kernel: pci 0000:00:11.0: PCI bridge to [bus 1a]
Nov 01 10:54:36 proxmox2-1 kernel: pci 0000:00:1c.0: PCI bridge to [bus 0a]
Nov 01 10:54:36 proxmox2-1 kernel: pci 0000:01:00.2: BAR 6: assigned [mem 0xf6d00000-0xf6d0ffff pref]
Nov 01 10:54:36 proxmox2-1 kernel: pci 0000:00:1c.7: PCI bridge to [bus 01]
Nov 01 10:54:36 proxmox2-1 kernel: pci 0000:00:1c.7:   bridge window [io  0x3000-0x3fff]
Nov 01 10:54:36 proxmox2-1 kernel: pci 0000:00:1c.7:   bridge window [mem 0xf6d00000-0xf79fffff]
Nov 01 10:54:36 proxmox2-1 kernel: pci 0000:00:1c.7:   bridge window [mem 0xf5000000-0xf5ffffff 64bit pref]
Nov 01 10:54:36 proxmox2-1 kernel: pci 0000:00:1e.0: PCI bridge to [bus 19]
Nov 01 10:54:36 proxmox2-1 kernel: pci_bus 0000:00: resource 4 [mem 0xf4000000-0xf7ffffff window]
Nov 01 10:54:36 proxmox2-1 kernel: pci_bus 0000:00: resource 5 [io  0x1000-0x7fff window]
Nov 01 10:54:36 proxmox2-1 kernel: pci_bus 0000:00: resource 6 [io  0x0000-0x03af window]
Nov 01 10:54:36 proxmox2-1 kernel: pci_bus 0000:00: resource 7 [io  0x03e0-0x0cf7 window]
Nov 01 10:54:36 proxmox2-1 kernel: pci_bus 0000:00: resource 8 [io  0x0d00-0x0fff window]
Nov 01 10:54:36 proxmox2-1 kernel: pci_bus 0000:00: resource 9 [io  0x03b0-0x03bb window]
Nov 01 10:54:36 proxmox2-1 kernel: pci_bus 0000:00: resource 10 [io  0x03c0-0x03df window]
Nov 01 10:54:36 proxmox2-1 kernel: pci_bus 0000:00: resource 11 [mem 0x000a0000-0x000bffff window]
Nov 01 10:54:36 proxmox2-1 kernel: pci_bus 0000:03: resource 1 [mem 0xf4000000-0xf40fffff]
Nov 01 10:54:36 proxmox2-1 kernel: pci_bus 0000:03: resource 2 [mem 0xf6b00000-0xf6bfffff 64bit pref]
Nov 01 10:54:36 proxmox2-1 kernel: pci_bus 0000:02: resource 0 [io  0x5000-0x5fff]
Nov 01 10:54:36 proxmox2-1 kernel: pci_bus 0000:02: resource 1 [mem 0xf7a00000-0xf7bfffff]
Nov 01 10:54:36 proxmox2-1 kernel: pci_bus 0000:04: resource 1 [mem 0xf7c00000-0xf7ffffff]
Nov 01 10:54:36 proxmox2-1 kernel: pci_bus 0000:01: resource 0 [io  0x3000-0x3fff]
Nov 01 10:54:36 proxmox2-1 kernel: pci_bus 0000:01: resource 1 [mem 0xf6d00000-0xf79fffff]
Nov 01 10:54:36 proxmox2-1 kernel: pci_bus 0000:01: resource 2 [mem 0xf5000000-0xf5ffffff 64bit pref]
Nov 01 10:54:36 proxmox2-1 kernel: pci_bus 0000:19: resource 4 [mem 0xf4000000-0xf7ffffff window]
Nov 01 10:54:36 proxmox2-1 kernel: pci_bus 0000:19: resource 5 [io  0x1000-0x7fff window]
Nov 01 10:54:36 proxmox2-1 kernel: pci_bus 0000:19: resource 6 [io  0x0000-0x03af window]
Nov 01 10:54:36 proxmox2-1 kernel: pci_bus 0000:19: resource 7 [io  0x03e0-0x0cf7 window]
Nov 01 10:54:36 proxmox2-1 kernel: pci_bus 0000:19: resource 8 [io  0x0d00-0x0fff window]
Nov 01 10:54:36 proxmox2-1 kernel: pci_bus 0000:19: resource 9 [io  0x03b0-0x03bb window]
Nov 01 10:54:36 proxmox2-1 kernel: pci_bus 0000:19: resource 10 [io  0x03c0-0x03df window]
Nov 01 10:54:36 proxmox2-1 kernel: pci_bus 0000:19: resource 11 [mem 0x000a0000-0x000bffff window]
Nov 01 10:54:36 proxmox2-1 kernel: pci 0000:20:00.0: PCI bridge to [bus 2b]
Nov 01 10:54:36 proxmox2-1 kernel: pci 0000:20:01.0: PCI bridge to [bus 24]
Nov 01 10:54:36 proxmox2-1 kernel: pci 0000:20:01.1: PCI bridge to [bus 25]
Nov 01 10:54:36 proxmox2-1 kernel: pci 0000:20:02.0: PCI bridge to [bus 23]
Nov 01 10:54:36 proxmox2-1 kernel: pci 0000:20:02.1: PCI bridge to [bus 26]
Nov 01 10:54:36 proxmox2-1 kernel: pci 0000:20:02.2: PCI bridge to [bus 22]
Nov 01 10:54:36 proxmox2-1 kernel: pci 0000:20:02.3: PCI bridge to [bus 27]
Nov 01 10:54:36 proxmox2-1 kernel: pci 0000:20:03.0: PCI bridge to [bus 21]
Nov 01 10:54:36 proxmox2-1 kernel: pci 0000:20:03.1: PCI bridge to [bus 28]
Nov 01 10:54:36 proxmox2-1 kernel: pci 0000:20:03.2: PCI bridge to [bus 29]
Nov 01 10:54:36 proxmox2-1 kernel: pci 0000:20:03.3: PCI bridge to [bus 2a]
Nov 01 10:54:36 proxmox2-1 kernel: pci_bus 0000:20: resource 4 [mem 0xf8000000-0xfbffffff window]
Nov 01 10:54:36 proxmox2-1 kernel: pci_bus 0000:20: resource 5 [io  0x8000-0xffff window]
Nov 01 10:54:36 proxmox2-1 kernel: pci_bus 0000:1f: resource 4 [io  0x0000-0xffff]
Nov 01 10:54:36 proxmox2-1 kernel: pci_bus 0000:1f: resource 5 [mem 0x00000000-0x3fffffffffff]
Nov 01 10:54:36 proxmox2-1 kernel: pci_bus 0000:3f: resource 4 [io  0x0000-0xffff]
Nov 01 10:54:36 proxmox2-1 kernel: pci_bus 0000:3f: resource 5 [mem 0x00000000-0x3fffffffffff]
Nov 01 10:54:36 proxmox2-1 kernel: pci 0000:00:05.0: disabled boot interrupts on device [8086:3c28]
Nov 01 10:54:36 proxmox2-1 kernel: pci 0000:00:1a.0: quirk_usb_early_handoff+0x0/0x740 took 18962 usecs
Nov 01 10:54:36 proxmox2-1 kernel: pci 0000:00:1d.0: quirk_usb_early_handoff+0x0/0x740 took 19488 usecs
Nov 01 10:54:36 proxmox2-1 kernel: pci 0000:20:05.0: disabled boot interrupts on device [8086:3c28]
Nov 01 10:54:36 proxmox2-1 kernel: PCI: CLS 64 bytes, default 64
Nov 01 10:54:36 proxmox2-1 kernel: Trying to unpack rootfs image as initramfs...
Nov 01 10:54:36 proxmox2-1 kernel: PCI-DMA: Using software bounce buffering for IO (SWIOTLB)
Nov 01 10:54:36 proxmox2-1 kernel: software IO TLB: mapped [mem 0x00000000b9dac000-0x00000000bddac000] (64MB)
Nov 01 10:54:36 proxmox2-1 kernel: Initialise system trusted keyrings
Nov 01 10:54:36 proxmox2-1 kernel: Key type blacklist registered
Nov 01 10:54:36 proxmox2-1 kernel: workingset: timestamp_bits=36 max_order=26 bucket_order=0
Nov 01 10:54:36 proxmox2-1 kernel: zbud: loaded
Nov 01 10:54:36 proxmox2-1 kernel: squashfs: version 4.0 (2009/01/31) Phillip Lougher
Nov 01 10:54:36 proxmox2-1 kernel: fuse: init (API version 7.34)
Nov 01 10:54:36 proxmox2-1 kernel: integrity: Platform Keyring initialized
Nov 01 10:54:36 proxmox2-1 kernel: Key type asymmetric registered
Nov 01 10:54:36 proxmox2-1 kernel: Asymmetric key parser 'x509' registered
Nov 01 10:54:36 proxmox2-1 kernel: Block layer SCSI generic (bsg) driver version 0.4 loaded (major 243)
Nov 01 10:54:36 proxmox2-1 kernel: io scheduler mq-deadline registered
Nov 01 10:54:36 proxmox2-1 kernel: shpchp: Standard Hot Plug PCI Controller Driver version: 0.4
Nov 01 10:54:36 proxmox2-1 kernel: Monitor-Mwait will be used to enter C-1 state
Nov 01 10:54:36 proxmox2-1 kernel: ACPI: \_PR_.CP00: Found 1 idle states
Nov 01 10:54:36 proxmox2-1 kernel: input: Power Button as /devices/LNXSYSTM:00/LNXPWRBN:00/input/input0
Nov 01 10:54:36 proxmox2-1 kernel: ACPI: button: Power Button [PWRF]
Nov 01 10:54:36 proxmox2-1 kernel: thermal LNXTHERM:00: registered as thermal_zone0
Nov 01 10:54:36 proxmox2-1 kernel: ACPI: thermal: Thermal Zone [THM0] (8 C)
Nov 01 10:54:36 proxmox2-1 kernel: ERST: Error Record Serialization Table (ERST) support is initialized.
Nov 01 10:54:36 proxmox2-1 kernel: pstore: Registered erst as persistent store backend
Nov 01 10:54:36 proxmox2-1 kernel: Serial: 8250/16550 driver, 32 ports, IRQ sharing enabled
Nov 01 10:54:36 proxmox2-1 kernel: 00:02: ttyS0 at I/O 0x3f8 (irq = 4, base_baud = 115200) is a 16550A
Nov 01 10:54:36 proxmox2-1 kernel: serial8250: ttyS1 at I/O 0x2f8 (irq = 3, base_baud = 115200) is a 16550A
Nov 01 10:54:36 proxmox2-1 kernel: Linux agpgart interface v0.103
Nov 01 10:54:36 proxmox2-1 kernel: loop: module loaded
Nov 01 10:54:36 proxmox2-1 kernel: ata_piix 0000:00:1f.2: version 2.13
Nov 01 10:54:36 proxmox2-1 kernel: ata_piix 0000:00:1f.2: MAP [ P0 P2 P1 P3 ]
Nov 01 10:54:36 proxmox2-1 kernel: scsi host0: ata_piix
Nov 01 10:54:36 proxmox2-1 kernel: scsi host1: ata_piix
Nov 01 10:54:36 proxmox2-1 kernel: ata1: SATA max UDMA/133 cmd 0x4000 ctl 0x4008 bmdma 0x4020 irq 17
Nov 01 10:54:36 proxmox2-1 kernel: ata2: SATA max UDMA/133 cmd 0x4010 ctl 0x4018 bmdma 0x4028 irq 17
Nov 01 10:54:36 proxmox2-1 kernel: tun: Universal TUN/TAP device driver, 1.6
Nov 01 10:54:36 proxmox2-1 kernel: PPP generic driver version 2.4.2
Nov 01 10:54:36 proxmox2-1 kernel: i8042: PNP: PS/2 Controller [PNP0303:KBD,PNP0f0e:PS2M] at 0x60,0x64 irq 1,12
Nov 01 10:54:36 proxmox2-1 kernel: serio: i8042 KBD port at 0x60,0x64 irq 1
Nov 01 10:54:36 proxmox2-1 kernel: serio: i8042 AUX port at 0x60,0x64 irq 12
Nov 01 10:54:36 proxmox2-1 kernel: mousedev: PS/2 mouse device common for all mice
Nov 01 10:54:36 proxmox2-1 kernel: rtc_cmos 00:03: RTC can wake from S4
Nov 01 10:54:36 proxmox2-1 kernel: rtc_cmos 00:03: registered as rtc0
Nov 01 10:54:36 proxmox2-1 kernel: rtc_cmos 00:03: setting system clock to 2023-11-01T02:54:10 UTC (1698807250)
Nov 01 10:54:36 proxmox2-1 kernel: rtc_cmos 00:03: alarms up to one day, 114 bytes nvram
Nov 01 10:54:36 proxmox2-1 kernel: i2c_dev: i2c /dev entries driver
Nov 01 10:54:36 proxmox2-1 kernel: device-mapper: core: CONFIG_IMA_DISABLE_HTABLE is disabled. Duplicate IMA measurements will not be recorded in the IMA log.
Nov 01 10:54:36 proxmox2-1 kernel: device-mapper: uevent: version 1.0.3
Nov 01 10:54:36 proxmox2-1 kernel: device-mapper: ioctl: 4.45.0-ioctl (2021-03-22) initialised: dm-devel@redhat.com
Nov 01 10:54:36 proxmox2-1 kernel: platform eisa.0: Probing EISA bus 0
Nov 01 10:54:36 proxmox2-1 kernel: platform eisa.0: EISA: Cannot allocate resource for mainboard
Nov 01 10:54:36 proxmox2-1 kernel: platform eisa.0: Cannot allocate resource for EISA slot 1
Nov 01 10:54:36 proxmox2-1 kernel: platform eisa.0: Cannot allocate resource for EISA slot 2
Nov 01 10:54:36 proxmox2-1 kernel: platform eisa.0: Cannot allocate resource for EISA slot 3
Nov 01 10:54:36 proxmox2-1 kernel: platform eisa.0: Cannot allocate resource for EISA slot 4
Nov 01 10:54:36 proxmox2-1 kernel: platform eisa.0: Cannot allocate resource for EISA slot 5
Nov 01 10:54:36 proxmox2-1 kernel: platform eisa.0: Cannot allocate resource for EISA slot 6
Nov 01 10:54:36 proxmox2-1 kernel: platform eisa.0: Cannot allocate resource for EISA slot 7
Nov 01 10:54:36 proxmox2-1 kernel: platform eisa.0: Cannot allocate resource for EISA slot 8
Nov 01 10:54:36 proxmox2-1 kernel: platform eisa.0: EISA: Detected 0 cards
Nov 01 10:54:36 proxmox2-1 kernel: intel_pstate: Intel P-state driver initializing
Nov 01 10:54:36 proxmox2-1 kernel: ledtrig-cpu: registered to indicate activity on CPUs
Nov 01 10:54:36 proxmox2-1 kernel: drop_monitor: Initializing network drop monitor service
Nov 01 10:54:36 proxmox2-1 kernel: NET: Registered PF_INET6 protocol family
Nov 01 10:54:36 proxmox2-1 kernel: tsc: Refined TSC clocksource calibration: 1995.189 MHz
Nov 01 10:54:36 proxmox2-1 kernel: clocksource: tsc: mask: 0xffffffffffffffff max_cycles: 0x3984db403c6, max_idle_ns: 881590820263 ns
Nov 01 10:54:36 proxmox2-1 kernel: clocksource: Switched to clocksource tsc
Nov 01 10:54:36 proxmox2-1 kernel: Freeing initrd memory: 60100K
Nov 01 10:54:36 proxmox2-1 kernel: Segment Routing with IPv6
Nov 01 10:54:36 proxmox2-1 kernel: In-situ OAM (IOAM) with IPv6
Nov 01 10:54:36 proxmox2-1 kernel: NET: Registered PF_PACKET protocol family
Nov 01 10:54:36 proxmox2-1 kernel: Bridge firewalling registered
Nov 01 10:54:36 proxmox2-1 kernel: Key type dns_resolver registered
Nov 01 10:54:36 proxmox2-1 kernel: mce: [Hardware Error]: Machine check events logged
Nov 01 10:54:36 proxmox2-1 kernel: mce: [Hardware Error]: Machine check events logged
Nov 01 10:54:36 proxmox2-1 kernel: microcode: sig=0x206d7, pf=0x1, revision=0x718
Nov 01 10:54:36 proxmox2-1 kernel: microcode: Microcode Update Driver: v2.2.
Nov 01 10:54:36 proxmox2-1 kernel: IPI shorthand broadcast: enabled
Nov 01 10:54:36 proxmox2-1 kernel: sched_clock: Marking stable (15813525218, 6959903)->(15863911890, -43426769)
Nov 01 10:54:36 proxmox2-1 kernel: registered taskstats version 1
Nov 01 10:54:36 proxmox2-1 kernel: Loading compiled-in X.509 certificates
Nov 01 10:54:36 proxmox2-1 kernel: zswap: loaded using pool lzo/zbud
Nov 01 10:54:36 proxmox2-1 kernel: Key type .fscrypt registered
Nov 01 10:54:36 proxmox2-1 kernel: Key type fscrypt-provisioning registered
Nov 01 10:54:36 proxmox2-1 kernel: pstore: Using crash dump compression: deflate
Nov 01 10:54:36 proxmox2-1 kernel: Key type encrypted registered
Nov 01 10:54:36 proxmox2-1 kernel: AppArmor: AppArmor sha1 policy hashing enabled
Nov 01 10:54:36 proxmox2-1 kernel: ima: No TPM chip found, activating TPM-bypass!
Nov 01 10:54:36 proxmox2-1 kernel: Loading compiled-in module X.509 certificates
Nov 01 10:54:36 proxmox2-1 kernel: Loaded X.509 cert 'Build time autogenerated kernel key: 19af598d38aa1a264232b8f18fde0076aba6a042'
Nov 01 10:54:36 proxmox2-1 kernel: ima: Allocated hash algorithm: sha1
Nov 01 10:54:36 proxmox2-1 kernel: ima: No architecture policies found
Nov 01 10:54:36 proxmox2-1 kernel: evm: Initialising EVM extended attributes:
Nov 01 10:54:36 proxmox2-1 kernel: evm: security.selinux
Nov 01 10:54:36 proxmox2-1 kernel: evm: security.SMACK64
Nov 01 10:54:36 proxmox2-1 kernel: evm: security.SMACK64EXEC
Nov 01 10:54:36 proxmox2-1 kernel: evm: security.SMACK64TRANSMUTE
Nov 01 10:54:36 proxmox2-1 kernel: evm: security.SMACK64MMAP
Nov 01 10:54:36 proxmox2-1 kernel: evm: security.apparmor
Nov 01 10:54:36 proxmox2-1 kernel: evm: security.ima
Nov 01 10:54:36 proxmox2-1 kernel: evm: security.capability
Nov 01 10:54:36 proxmox2-1 kernel: evm: HMAC attrs: 0x1
Nov 01 10:54:36 proxmox2-1 kernel: PM:   Magic number: 15:205:914
Nov 01 10:54:36 proxmox2-1 kernel: RAS: Correctable Errors collector initialized.
Nov 01 10:54:36 proxmox2-1 kernel: ata2.01: failed to resume link (SControl 0)
Nov 01 10:54:36 proxmox2-1 kernel: ata1.01: failed to resume link (SControl 0)
Nov 01 10:54:36 proxmox2-1 kernel: ata1.00: SATA link down (SStatus 0 SControl 300)
Nov 01 10:54:36 proxmox2-1 kernel: ata1.01: SATA link down (SStatus 4 SControl 0)
Nov 01 10:54:36 proxmox2-1 kernel: ata2.00: SATA link up 1.5 Gbps (SStatus 113 SControl 300)
Nov 01 10:54:36 proxmox2-1 kernel: ata2.01: SATA link down (SStatus 4 SControl 0)
Nov 01 10:54:36 proxmox2-1 kernel: ata2.00: ATAPI: hp       DVDROM DT80N, DA00, max UDMA/100
Nov 01 10:54:36 proxmox2-1 kernel: ata2.00: configured for UDMA/100
Nov 01 10:54:36 proxmox2-1 kernel: scsi 1:0:0:0: CD-ROM            hp       DVDROM DT80N     DA00 PQ: 0 ANSI: 5
Nov 01 10:54:36 proxmox2-1 kernel: sr 1:0:0:0: [sr0] scsi3-mmc drive: 24x/24x cd/rw xa/form2 cdda tray
Nov 01 10:54:36 proxmox2-1 kernel: cdrom: Uniform CD-ROM driver Revision: 3.20
Nov 01 10:54:36 proxmox2-1 kernel: sr 1:0:0:0: Attached scsi CD-ROM sr0
Nov 01 10:54:36 proxmox2-1 kernel: sr 1:0:0:0: Attached scsi generic sg0 type 5
Nov 01 10:54:36 proxmox2-1 kernel: Freeing unused decrypted memory: 2036K
Nov 01 10:54:36 proxmox2-1 kernel: Freeing unused kernel image (initmem) memory: 3204K
Nov 01 10:54:36 proxmox2-1 kernel: Write protecting the kernel read-only data: 28672k
Nov 01 10:54:36 proxmox2-1 kernel: Freeing unused kernel image (text/rodata gap) memory: 2036K
Nov 01 10:54:36 proxmox2-1 kernel: x86/mm: Checked W+X mappings: passed, no W+X pages found.
Nov 01 10:54:36 proxmox2-1 kernel: x86/mm: Checking user space page tables
Nov 01 10:54:36 proxmox2-1 kernel: x86/mm: Checked W+X mappings: passed, no W+X pages found.
Nov 01 10:54:36 proxmox2-1 kernel: Run /init as init process
Nov 01 10:54:36 proxmox2-1 kernel:   with arguments:
Nov 01 10:54:36 proxmox2-1 kernel:     /init
Nov 01 10:54:36 proxmox2-1 kernel:   with environment:
Nov 01 10:54:36 proxmox2-1 kernel:     HOME=/
Nov 01 10:54:36 proxmox2-1 kernel:     TERM=linux
Nov 01 10:54:36 proxmox2-1 kernel:     BOOT_IMAGE=/boot/vmlinuz-5.15.102-1-pve
Nov 01 10:54:36 proxmox2-1 kernel: dca service started, version 1.12.1
Nov 01 10:54:36 proxmox2-1 kernel: HP HPSA Driver (v 3.4.20-200)
Nov 01 10:54:36 proxmox2-1 kernel: hpsa 0000:02:00.0: can't disable ASPM; OS doesn't have ASPM control
Nov 01 10:54:36 proxmox2-1 kernel: igb: Intel(R) Gigabit Ethernet Network Driver
Nov 01 10:54:36 proxmox2-1 kernel: igb: Copyright (c) 2007-2014 Intel Corporation.
Nov 01 10:54:36 proxmox2-1 kernel: ehci_hcd: USB 2.0 'Enhanced' Host Controller (EHCI) Driver
Nov 01 10:54:36 proxmox2-1 kernel: hpsa 0000:02:00.0: Logical aborts not supported
Nov 01 10:54:36 proxmox2-1 kernel: hpsa 0000:02:00.0: HP SSD Smart Path aborts not supported
Nov 01 10:54:36 proxmox2-1 kernel: ehci-pci: EHCI PCI platform driver
Nov 01 10:54:36 proxmox2-1 kernel: ehci-pci 0000:00:1a.0: EHCI Host Controller
Nov 01 10:54:36 proxmox2-1 kernel: ehci-pci 0000:00:1a.0: new USB bus registered, assigned bus number 1
Nov 01 10:54:36 proxmox2-1 kernel: ehci-pci 0000:00:1a.0: debug port 2
Nov 01 10:54:36 proxmox2-1 kernel: uhci_hcd: USB Universal Host Controller Interface driver
Nov 01 10:54:36 proxmox2-1 kernel: ehci-pci 0000:00:1a.0: irq 21, io mem 0xf6c60000
Nov 01 10:54:36 proxmox2-1 kernel: ehci-pci 0000:00:1a.0: USB 2.0 started, EHCI 1.00
Nov 01 10:54:36 proxmox2-1 kernel: usb usb1: New USB device found, idVendor=1d6b, idProduct=0002, bcdDevice= 5.15
Nov 01 10:54:36 proxmox2-1 kernel: usb usb1: New USB device strings: Mfr=3, Product=2, SerialNumber=1
Nov 01 10:54:36 proxmox2-1 kernel: usb usb1: Product: EHCI Host Controller
Nov 01 10:54:36 proxmox2-1 kernel: usb usb1: Manufacturer: Linux 5.15.102-1-pve ehci_hcd
Nov 01 10:54:36 proxmox2-1 kernel: usb usb1: SerialNumber: 0000:00:1a.0
Nov 01 10:54:36 proxmox2-1 kernel: hub 1-0:1.0: USB hub found
Nov 01 10:54:36 proxmox2-1 kernel: hub 1-0:1.0: 2 ports detected
Nov 01 10:54:36 proxmox2-1 kernel: uhci_hcd 0000:01:00.4: UHCI Host Controller
Nov 01 10:54:36 proxmox2-1 kernel: uhci_hcd 0000:01:00.4: new USB bus registered, assigned bus number 2
Nov 01 10:54:36 proxmox2-1 kernel: uhci_hcd 0000:01:00.4: detected 8 ports
Nov 01 10:54:36 proxmox2-1 kernel: uhci_hcd 0000:01:00.4: port count misdetected? forcing to 2 ports
Nov 01 10:54:36 proxmox2-1 kernel: uhci_hcd 0000:01:00.4: irq 117, io base 0x00003c00
Nov 01 10:54:36 proxmox2-1 kernel: usb usb2: New USB device found, idVendor=1d6b, idProduct=0001, bcdDevice= 5.15
Nov 01 10:54:36 proxmox2-1 kernel: usb usb2: New USB device strings: Mfr=3, Product=2, SerialNumber=1
Nov 01 10:54:36 proxmox2-1 kernel: usb usb2: Product: UHCI Host Controller
Nov 01 10:54:36 proxmox2-1 kernel: usb usb2: Manufacturer: Linux 5.15.102-1-pve uhci_hcd
Nov 01 10:54:36 proxmox2-1 kernel: usb usb2: SerialNumber: 0000:01:00.4
Nov 01 10:54:36 proxmox2-1 kernel: hub 2-0:1.0: USB hub found
Nov 01 10:54:36 proxmox2-1 kernel: hub 2-0:1.0: 2 ports detected
Nov 01 10:54:36 proxmox2-1 kernel: igb 0000:04:00.0: added PHC on eth0
Nov 01 10:54:36 proxmox2-1 kernel: igb 0000:04:00.0: Intel(R) Gigabit Ethernet Network Connection
Nov 01 10:54:36 proxmox2-1 kernel: igb 0000:04:00.0: eth0: (PCIe:5.0Gb/s:Width x4) ac:16:2d:95:e7:10
Nov 01 10:54:36 proxmox2-1 kernel: igb 0000:04:00.0: eth0: PBA No: Unknown
Nov 01 10:54:36 proxmox2-1 kernel: igb 0000:04:00.0: Using MSI-X interrupts. 8 rx queue(s), 8 tx queue(s)
Nov 01 10:54:36 proxmox2-1 kernel: tg3 0000:03:00.0 eth1: Tigon3 [partno(629133-001) rev 5719001] (PCI Express) MAC address 2c:44:fd:7f:08:44
Nov 01 10:54:36 proxmox2-1 kernel: tg3 0000:03:00.0 eth1: attached PHY is 5719C (10/100/1000Base-T Ethernet) (WireSpeed[1], EEE[1])
Nov 01 10:54:36 proxmox2-1 kernel: tg3 0000:03:00.0 eth1: RXcsums[1] LinkChgREG[0] MIirq[0] ASF[1] TSOcap[1]
Nov 01 10:54:36 proxmox2-1 kernel: tg3 0000:03:00.0 eth1: dma_rwctrl[00000001] dma_mask[64-bit]
Nov 01 10:54:36 proxmox2-1 kernel: ehci-pci 0000:00:1d.0: EHCI Host Controller
Nov 01 10:54:36 proxmox2-1 kernel: ehci-pci 0000:00:1d.0: new USB bus registered, assigned bus number 3
Nov 01 10:54:36 proxmox2-1 kernel: ehci-pci 0000:00:1d.0: debug port 2
Nov 01 10:54:36 proxmox2-1 kernel: ehci-pci 0000:00:1d.0: irq 20, io mem 0xf6c50000
Nov 01 10:54:36 proxmox2-1 kernel: ehci-pci 0000:00:1d.0: USB 2.0 started, EHCI 1.00
Nov 01 10:54:36 proxmox2-1 kernel: usb usb3: New USB device found, idVendor=1d6b, idProduct=0002, bcdDevice= 5.15
Nov 01 10:54:36 proxmox2-1 kernel: usb usb3: New USB device strings: Mfr=3, Product=2, SerialNumber=1
Nov 01 10:54:36 proxmox2-1 kernel: usb usb3: Product: EHCI Host Controller
Nov 01 10:54:36 proxmox2-1 kernel: usb usb3: Manufacturer: Linux 5.15.102-1-pve ehci_hcd
Nov 01 10:54:36 proxmox2-1 kernel: usb usb3: SerialNumber: 0000:00:1d.0
Nov 01 10:54:36 proxmox2-1 kernel: hub 3-0:1.0: USB hub found
Nov 01 10:54:36 proxmox2-1 kernel: hub 3-0:1.0: 2 ports detected
Nov 01 10:54:36 proxmox2-1 kernel: tg3 0000:03:00.1 eth2: Tigon3 [partno(629133-001) rev 5719001] (PCI Express) MAC address 2c:44:fd:7f:08:45
Nov 01 10:54:36 proxmox2-1 kernel: tg3 0000:03:00.1 eth2: attached PHY is 5719C (10/100/1000Base-T Ethernet) (WireSpeed[1], EEE[1])
Nov 01 10:54:36 proxmox2-1 kernel: tg3 0000:03:00.1 eth2: RXcsums[1] LinkChgREG[0] MIirq[0] ASF[1] TSOcap[1]
Nov 01 10:54:36 proxmox2-1 kernel: tg3 0000:03:00.1 eth2: dma_rwctrl[00000001] dma_mask[64-bit]
Nov 01 10:54:36 proxmox2-1 kernel: scsi host2: hpsa
Nov 01 10:54:36 proxmox2-1 kernel: hpsa can't handle SMP requests
Nov 01 10:54:36 proxmox2-1 kernel: igb 0000:04:00.1: added PHC on eth3
Nov 01 10:54:36 proxmox2-1 kernel: igb 0000:04:00.1: Intel(R) Gigabit Ethernet Network Connection
Nov 01 10:54:36 proxmox2-1 kernel: igb 0000:04:00.1: eth3: (PCIe:5.0Gb/s:Width x4) ac:16:2d:95:e7:11
Nov 01 10:54:36 proxmox2-1 kernel: igb 0000:04:00.1: eth3: PBA No: Unknown
Nov 01 10:54:36 proxmox2-1 kernel: igb 0000:04:00.1: Using MSI-X interrupts. 8 rx queue(s), 8 tx queue(s)
Nov 01 10:54:36 proxmox2-1 kernel: hpsa 0000:02:00.0: scsi 2:0:0:0: added RAID              HP       P420i            controller SSDSmartPathCap- En- Exp=1
Nov 01 10:54:36 proxmox2-1 kernel: hpsa 0000:02:00.0: scsi 2:0:1:0: masked Direct-Access     HP       EG0600FCVBK      PHYS DRV SSDSmartPathCap- En- Exp=0
Nov 01 10:54:36 proxmox2-1 kernel: hpsa 0000:02:00.0: scsi 2:0:2:0: masked Direct-Access     HP       EG0600FCVBK      PHYS DRV SSDSmartPathCap- En- Exp=0
Nov 01 10:54:36 proxmox2-1 kernel: hpsa 0000:02:00.0: scsi 2:0:3:0: masked Direct-Access     HP       EG0600FCVBK      PHYS DRV SSDSmartPathCap- En- Exp=0
Nov 01 10:54:36 proxmox2-1 kernel: hpsa 0000:02:00.0: scsi 2:0:4:0: masked Direct-Access     HP       EG0600FCVBK      PHYS DRV SSDSmartPathCap- En- Exp=0
Nov 01 10:54:36 proxmox2-1 kernel: hpsa 0000:02:00.0: scsi 2:0:5:0: masked Direct-Access     HP       EG0600FCVBK      PHYS DRV SSDSmartPathCap- En- Exp=0
Nov 01 10:54:36 proxmox2-1 kernel: hpsa 0000:02:00.0: scsi 2:0:6:0: masked Enclosure         PMCSIERA SRCv8x6G         enclosure SSDSmartPathCap- En- Exp=0
Nov 01 10:54:36 proxmox2-1 kernel: hpsa 0000:02:00.0: scsi 2:1:0:0: added Direct-Access     HP       LOGICAL VOLUME   RAID-6 SSDSmartPathCap- En- Exp=1
Nov 01 10:54:36 proxmox2-1 kernel: hpsa can't handle SMP requests
Nov 01 10:54:36 proxmox2-1 kernel: scsi 2:0:0:0: RAID              HP       P420i            4.68 PQ: 0 ANSI: 5
Nov 01 10:54:36 proxmox2-1 kernel: scsi 2:1:0:0: Direct-Access     HP       LOGICAL VOLUME   4.68 PQ: 0 ANSI: 5
Nov 01 10:54:36 proxmox2-1 kernel: scsi 2:0:0:0: Attached scsi generic sg1 type 12
Nov 01 10:54:36 proxmox2-1 kernel: sd 2:1:0:0: Attached scsi generic sg2 type 0
Nov 01 10:54:36 proxmox2-1 kernel: sd 2:1:0:0: [sda] 3516170160 512-byte logical blocks: (1.80 TB/1.64 TiB)
Nov 01 10:54:36 proxmox2-1 kernel: sd 2:1:0:0: [sda] Write Protect is off
Nov 01 10:54:36 proxmox2-1 kernel: sd 2:1:0:0: [sda] Mode Sense: 73 00 00 08
Nov 01 10:54:36 proxmox2-1 kernel: sd 2:1:0:0: [sda] Write cache: disabled, read cache: disabled, doesn't support DPO or FUA
Nov 01 10:54:36 proxmox2-1 kernel: sd 2:1:0:0: [sda] Optimal transfer size 786432 bytes
Nov 01 10:54:36 proxmox2-1 kernel: tg3 0000:03:00.2 eth4: Tigon3 [partno(629133-001) rev 5719001] (PCI Express) MAC address 2c:44:fd:7f:08:46
Nov 01 10:54:36 proxmox2-1 kernel: tg3 0000:03:00.2 eth4: attached PHY is 5719C (10/100/1000Base-T Ethernet) (WireSpeed[1], EEE[1])
Nov 01 10:54:36 proxmox2-1 kernel: tg3 0000:03:00.2 eth4: RXcsums[1] LinkChgREG[0] MIirq[0] ASF[1] TSOcap[1]
Nov 01 10:54:36 proxmox2-1 kernel: tg3 0000:03:00.2 eth4: dma_rwctrl[00000001] dma_mask[64-bit]
Nov 01 10:54:36 proxmox2-1 kernel: igb 0000:04:00.2: added PHC on eth5
Nov 01 10:54:36 proxmox2-1 kernel: igb 0000:04:00.2: Intel(R) Gigabit Ethernet Network Connection
Nov 01 10:54:36 proxmox2-1 kernel: igb 0000:04:00.2: eth5: (PCIe:5.0Gb/s:Width x4) ac:16:2d:95:e7:12
Nov 01 10:54:36 proxmox2-1 kernel: igb 0000:04:00.2: eth5: PBA No: Unknown
Nov 01 10:54:36 proxmox2-1 kernel: igb 0000:04:00.2: Using MSI-X interrupts. 8 rx queue(s), 8 tx queue(s)
Nov 01 10:54:36 proxmox2-1 kernel: tg3 0000:03:00.3 eth6: Tigon3 [partno(629133-001) rev 5719001] (PCI Express) MAC address 2c:44:fd:7f:08:47
Nov 01 10:54:36 proxmox2-1 kernel: tg3 0000:03:00.3 eth6: attached PHY is 5719C (10/100/1000Base-T Ethernet) (WireSpeed[1], EEE[1])
Nov 01 10:54:36 proxmox2-1 kernel: tg3 0000:03:00.3 eth6: RXcsums[1] LinkChgREG[0] MIirq[0] ASF[1] TSOcap[1]
Nov 01 10:54:36 proxmox2-1 kernel: tg3 0000:03:00.3 eth6: dma_rwctrl[00000001] dma_mask[64-bit]
Nov 01 10:54:36 proxmox2-1 kernel:  sda: sda1 sda2 sda3
Nov 01 10:54:36 proxmox2-1 kernel: igb 0000:04:00.3: added PHC on eth7
Nov 01 10:54:36 proxmox2-1 kernel: igb 0000:04:00.3: Intel(R) Gigabit Ethernet Network Connection
Nov 01 10:54:36 proxmox2-1 kernel: igb 0000:04:00.3: eth7: (PCIe:5.0Gb/s:Width x4) ac:16:2d:95:e7:13
Nov 01 10:54:36 proxmox2-1 kernel: igb 0000:04:00.3: eth7: PBA No: Unknown
Nov 01 10:54:36 proxmox2-1 kernel: igb 0000:04:00.3: Using MSI-X interrupts. 8 rx queue(s), 8 tx queue(s)
Nov 01 10:54:36 proxmox2-1 kernel: sd 2:1:0:0: [sda] Attached SCSI disk
Nov 01 10:54:36 proxmox2-1 kernel: igb 0000:04:00.2 ens1f2: renamed from eth5
Nov 01 10:54:36 proxmox2-1 kernel: igb 0000:04:00.1 ens1f1: renamed from eth3
Nov 01 10:54:36 proxmox2-1 kernel: tg3 0000:03:00.0 eno1: renamed from eth1
Nov 01 10:54:36 proxmox2-1 kernel: random: lvm: uninitialized urandom read (4 bytes read)
Nov 01 10:54:36 proxmox2-1 kernel: igb 0000:04:00.0 ens1f0: renamed from eth0
Nov 01 10:54:36 proxmox2-1 kernel: random: lvm: uninitialized urandom read (2 bytes read)
Nov 01 10:54:36 proxmox2-1 kernel: tg3 0000:03:00.3 eno4: renamed from eth6
Nov 01 10:54:36 proxmox2-1 kernel: usb 1-1: new high-speed USB device number 2 using ehci-pci
Nov 01 10:54:36 proxmox2-1 kernel: igb 0000:04:00.3 ens1f3: renamed from eth7
Nov 01 10:54:36 proxmox2-1 kernel: usb 3-1: new high-speed USB device number 2 using ehci-pci
Nov 01 10:54:36 proxmox2-1 kernel: tg3 0000:03:00.1 eno2: renamed from eth2
Nov 01 10:54:36 proxmox2-1 kernel: tg3 0000:03:00.2 eno3: renamed from eth4
Nov 01 10:54:36 proxmox2-1 kernel: usb 1-1: New USB device found, idVendor=8087, idProduct=0024, bcdDevice= 0.00
Nov 01 10:54:36 proxmox2-1 kernel: usb 1-1: New USB device strings: Mfr=0, Product=0, SerialNumber=0
Nov 01 10:54:36 proxmox2-1 kernel: hub 1-1:1.0: USB hub found
Nov 01 10:54:36 proxmox2-1 kernel: hub 1-1:1.0: 6 ports detected
Nov 01 10:54:36 proxmox2-1 kernel: usb 3-1: New USB device found, idVendor=8087, idProduct=0024, bcdDevice= 0.00
Nov 01 10:54:36 proxmox2-1 kernel: usb 3-1: New USB device strings: Mfr=0, Product=0, SerialNumber=0
Nov 01 10:54:36 proxmox2-1 kernel: hub 3-1:1.0: USB hub found
Nov 01 10:54:36 proxmox2-1 kernel: hub 3-1:1.0: 8 ports detected
Nov 01 10:54:36 proxmox2-1 kernel: usb 3-1.3: new high-speed USB device number 3 using ehci-pci
Nov 01 10:54:36 proxmox2-1 kernel: usb 3-1.3: New USB device found, idVendor=0424, idProduct=2660, bcdDevice= 8.01
Nov 01 10:54:36 proxmox2-1 kernel: usb 3-1.3: New USB device strings: Mfr=0, Product=0, SerialNumber=0
Nov 01 10:54:36 proxmox2-1 kernel: hub 3-1.3:1.0: USB hub found
Nov 01 10:54:36 proxmox2-1 kernel: hub 3-1.3:1.0: 2 ports detected
Nov 01 10:54:36 proxmox2-1 kernel: random: crng init done
Nov 01 10:54:36 proxmox2-1 kernel: device-mapper: thin: Data device (dm-3) discard unsupported: Disabling discard passdown.
Nov 01 10:54:36 proxmox2-1 kernel: raid6: sse2x4   gen() 10003 MB/s
Nov 01 10:54:36 proxmox2-1 kernel: raid6: sse2x4   xor()   323 MB/s
Nov 01 10:54:36 proxmox2-1 kernel: raid6: sse2x2   gen()  5718 MB/s
Nov 01 10:54:36 proxmox2-1 kernel: raid6: sse2x2   xor()  6145 MB/s
Nov 01 10:54:36 proxmox2-1 kernel: raid6: sse2x1   gen()  8755 MB/s
Nov 01 10:54:36 proxmox2-1 kernel: raid6: sse2x1   xor()  5517 MB/s
Nov 01 10:54:36 proxmox2-1 kernel: raid6: using algorithm sse2x4 gen() 10003 MB/s
Nov 01 10:54:36 proxmox2-1 kernel: raid6: .... xor() 323 MB/s, rmw enabled
Nov 01 10:54:36 proxmox2-1 kernel: raid6: using ssse3x2 recovery algorithm
Nov 01 10:54:36 proxmox2-1 kernel: xor: automatically using best checksumming function   avx       
Nov 01 10:54:36 proxmox2-1 kernel: Btrfs loaded, crc32c=crc32c-intel, zoned=yes, fsverity=yes
Nov 01 10:54:36 proxmox2-1 kernel: EXT4-fs (dm-1): mounted filesystem with ordered data mode. Opts: (null). Quota mode: none.
Nov 01 10:54:36 proxmox2-1 systemd[1]: Inserted module 'autofs4'
Nov 01 10:54:36 proxmox2-1 systemd[1]: systemd 247.3-7+deb11u1 running in system mode. (+PAM +AUDIT +SELINUX +IMA +APPARMOR +SMACK +SYSVINIT +UTMP +LIBCRYPTSETUP +GCRYPT +GNUTLS +ACL +XZ +LZ4 +ZSTD +SECCOMP +BLKID +ELFUTILS +KMOD +IDN2 -IDN +PCRE2 default-hierarchy=unified)
Nov 01 10:54:36 proxmox2-1 systemd[1]: Detected architecture x86-64.
Nov 01 10:54:36 proxmox2-1 systemd[1]: Set hostname to <proxmox2-1>.
Nov 01 10:54:36 proxmox2-1 systemd[1]: Queued start job for default target Graphical Interface.
Nov 01 10:54:36 proxmox2-1 systemd[1]: Created slice system-getty.slice.
